Archive member included to satisfy reference by file (symbol)

libfreertos.a(queue.c.obj)    CMakeFiles/Assign9.dir/Assign9.c.obj (xQueueGenericReset)
libfreertos.a(tasks.c.obj)    CMakeFiles/Assign9.dir/Assign9.c.obj (xTaskCreate)
libfreertos.a(timers.c.obj)   libfreertos.a(tasks.c.obj) (xTimerCreateTimerTask)
libfreertos.a(heap_3.c.obj)   libfreertos.a(queue.c.obj) (pvPortMalloc)
libfreertos.a(port.c.obj)     libfreertos.a(tasks.c.obj) (pxPortInitialiseStack)
libfreertos.a(list.c.obj)     libfreertos.a(queue.c.obj) (vListInitialise)
/usr/lib/gcc/arm-none-eabi/9.2.1/thumb/v6-m/nofp/libgcc.a(_dvmd_tls.o)
                              CMakeFiles/Assign9.dir/home/justin/pico/pico-sdk/src/rp2_common/pico_divider/divider.S.obj (__aeabi_idiv0)
/usr/lib/gcc/arm-none-eabi/9.2.1/../../../arm-none-eabi/lib/thumb/v6-m/nofp/libg.a(lib_a-atexit.o)
                              /usr/lib/gcc/arm-none-eabi/9.2.1/../../../arm-none-eabi/lib/thumb/v6-m/nofp/crt0.o (atexit)
/usr/lib/gcc/arm-none-eabi/9.2.1/../../../arm-none-eabi/lib/thumb/v6-m/nofp/libg.a(lib_a-calloc.o)
                              CMakeFiles/Assign9.dir/home/justin/pico/pico-sdk/src/rp2_common/pico_malloc/pico_malloc.c.obj (calloc)
/usr/lib/gcc/arm-none-eabi/9.2.1/../../../arm-none-eabi/lib/thumb/v6-m/nofp/libg.a(lib_a-callocr.o)
                              /usr/lib/gcc/arm-none-eabi/9.2.1/../../../arm-none-eabi/lib/thumb/v6-m/nofp/libg.a(lib_a-calloc.o) (_calloc_r)
/usr/lib/gcc/arm-none-eabi/9.2.1/../../../arm-none-eabi/lib/thumb/v6-m/nofp/libg.a(lib_a-ctype_.o)
                              CMakeFiles/Assign9.dir/home/justin/pico/pico-sdk/lib/tinyusb/src/tusb.c.obj (_ctype_)
/usr/lib/gcc/arm-none-eabi/9.2.1/../../../arm-none-eabi/lib/thumb/v6-m/nofp/libg.a(lib_a-fini.o)
                              /usr/lib/gcc/arm-none-eabi/9.2.1/../../../arm-none-eabi/lib/thumb/v6-m/nofp/crt0.o (__libc_fini_array)
/usr/lib/gcc/arm-none-eabi/9.2.1/../../../arm-none-eabi/lib/thumb/v6-m/nofp/libg.a(lib_a-impure.o)
                              /usr/lib/gcc/arm-none-eabi/9.2.1/../../../arm-none-eabi/lib/thumb/v6-m/nofp/libg.a(lib_a-calloc.o) (_impure_ptr)
/usr/lib/gcc/arm-none-eabi/9.2.1/../../../arm-none-eabi/lib/thumb/v6-m/nofp/libg.a(lib_a-init.o)
                              /usr/lib/gcc/arm-none-eabi/9.2.1/../../../arm-none-eabi/lib/thumb/v6-m/nofp/crt0.o (__libc_init_array)
/usr/lib/gcc/arm-none-eabi/9.2.1/../../../arm-none-eabi/lib/thumb/v6-m/nofp/libg.a(lib_a-malloc.o)
                              CMakeFiles/Assign9.dir/home/justin/pico/pico-sdk/src/rp2_common/pico_malloc/pico_malloc.c.obj (malloc)
/usr/lib/gcc/arm-none-eabi/9.2.1/../../../arm-none-eabi/lib/thumb/v6-m/nofp/libg.a(lib_a-mallocr.o)
                              /usr/lib/gcc/arm-none-eabi/9.2.1/../../../arm-none-eabi/lib/thumb/v6-m/nofp/libg.a(lib_a-callocr.o) (_malloc_r)
/usr/lib/gcc/arm-none-eabi/9.2.1/../../../arm-none-eabi/lib/thumb/v6-m/nofp/libg.a(lib_a-mlock.o)
                              /usr/lib/gcc/arm-none-eabi/9.2.1/../../../arm-none-eabi/lib/thumb/v6-m/nofp/libg.a(lib_a-mallocr.o) (__malloc_lock)
/usr/lib/gcc/arm-none-eabi/9.2.1/../../../arm-none-eabi/lib/thumb/v6-m/nofp/libg.a(lib_a-sbrkr.o)
                              /usr/lib/gcc/arm-none-eabi/9.2.1/../../../arm-none-eabi/lib/thumb/v6-m/nofp/libg.a(lib_a-mallocr.o) (_sbrk_r)
/usr/lib/gcc/arm-none-eabi/9.2.1/../../../arm-none-eabi/lib/thumb/v6-m/nofp/libg.a(lib_a-strcpy.o)
                              libfreertos.a(tasks.c.obj) (strcpy)
/usr/lib/gcc/arm-none-eabi/9.2.1/../../../arm-none-eabi/lib/thumb/v6-m/nofp/libg.a(lib_a-strlen-stub.o)
                              CMakeFiles/Assign9.dir/home/justin/pico/pico-sdk/src/rp2_common/pico_stdio/stdio.c.obj (strlen)
/usr/lib/gcc/arm-none-eabi/9.2.1/../../../arm-none-eabi/lib/thumb/v6-m/nofp/libg.a(lib_a-__atexit.o)
                              /usr/lib/gcc/arm-none-eabi/9.2.1/../../../arm-none-eabi/lib/thumb/v6-m/nofp/libg.a(lib_a-atexit.o) (__register_exitproc)
/usr/lib/gcc/arm-none-eabi/9.2.1/../../../arm-none-eabi/lib/thumb/v6-m/nofp/libg.a(lib_a-freer.o)
                              /usr/lib/gcc/arm-none-eabi/9.2.1/../../../arm-none-eabi/lib/thumb/v6-m/nofp/libg.a(lib_a-malloc.o) (_free_r)
/usr/lib/gcc/arm-none-eabi/9.2.1/../../../arm-none-eabi/lib/thumb/v6-m/nofp/libg.a(lib_a-reent.o)
                              /usr/lib/gcc/arm-none-eabi/9.2.1/../../../arm-none-eabi/lib/thumb/v6-m/nofp/libg.a(lib_a-sbrkr.o) (errno)

Allocating common symbols
Common symbol       size              file

sf_table            0x100             CMakeFiles/Assign9.dir/home/justin/pico/pico-sdk/src/rp2_common/pico_float/float_init_rom.c.obj
hdc1080             0x4               CMakeFiles/Assign9.dir/Assign9.c.obj
errno               0x4               /usr/lib/gcc/arm-none-eabi/9.2.1/../../../arm-none-eabi/lib/thumb/v6-m/nofp/libg.a(lib_a-reent.o)
xQueueRegistry      0x50              libfreertos.a(queue.c.obj)
TaskListPtr         0xfa              CMakeFiles/Assign9.dir/Assign9.c.obj
[...]
Memory Configuration

Name             Origin             Length             Attributes
FLASH            0x0000000010000000 0x0000000000200000 xr
RAM              0x0000000020000000 0x0000000000040000 xrw
SCRATCH_X        0x0000000020040000 0x0000000000001000 xrw
SCRATCH_Y        0x0000000020041000 0x0000000000001000 xrw
*default*        0x0000000000000000 0xffffffffffffffff

Linker script and memory map

LOAD /usr/lib/gcc/arm-none-eabi/9.2.1/thumb/v6-m/nofp/crti.o
LOAD /usr/lib/gcc/arm-none-eabi/9.2.1/thumb/v6-m/nofp/crtbegin.o
LOAD /usr/lib/gcc/arm-none-eabi/9.2.1/../../../arm-none-eabi/lib/thumb/v6-m/nofp/crt0.o

.flash_begin    0x0000000010000000        0x0
                0x0000000010000000                __flash_binary_start = .

.boot2          0x0000000010000000      0x100
                0x0000000010000000                __boot2_start__ = .
 *(.boot2)
 .boot2         0x0000000010000000      0x100 /tmp/ccTdan4C.o
                0x0000000010000100                __boot2_end__ = .
                0x0000000000000001                ASSERT (((__boot2_end__ - __boot2_start__) == 0x100), ERROR: Pico second stage bootloader must be 256 bytes in size)

.text           0x0000000010000100     0xb8f0
                0x0000000010000100                __logical_binary_start = .
 *(.vectors)
 .vectors       0x0000000010000100       0xd4 CMakeFiles/Assign9.dir/home/justin/pico/pico-sdk/src/rp2_common/pico_standard_link/crt0.S.obj
                0x0000000010000100                __vectors
                0x0000000010000100                __VECTOR_TABLE
                0x00000000100001c0                isr_invalid
                0x00000000100001c0                __default_isrs_start
                0x00000000100001c2                isr_nmi
                0x00000000100001c4                isr_hardfault
                0x00000000100001cc                isr_irq30
                0x00000000100001cc                __unhandled_user_irq
                0x00000000100001cc                isr_irq13
                0x00000000100001cc                isr_irq27
                0x00000000100001cc                isr_irq31
                0x00000000100001cc                isr_irq5
                0x00000000100001cc                isr_irq11
                0x00000000100001cc                isr_irq23
                0x00000000100001cc                isr_irq18
                0x00000000100001cc                isr_irq28
                0x00000000100001cc                isr_irq19
                0x00000000100001cc                isr_irq0
                0x00000000100001cc                isr_irq6
                0x00000000100001cc                isr_irq22
                0x00000000100001cc                isr_irq17
                0x00000000100001cc                isr_irq14
                0x00000000100001cc                isr_irq2
                0x00000000100001cc                isr_irq10
                0x00000000100001cc                isr_irq8
                0x00000000100001cc                isr_irq24
                0x00000000100001cc                isr_irq1
                0x00000000100001cc                isr_irq7
                0x00000000100001cc                isr_irq21
                0x00000000100001cc                isr_irq20
                0x00000000100001cc                isr_irq15
                0x00000000100001cc                isr_irq25
                0x00000000100001cc                isr_irq4
                0x00000000100001cc                isr_irq16
                0x00000000100001cc                isr_irq29
                0x00000000100001cc                isr_irq26
                0x00000000100001cc                __default_isrs_end
                0x00000000100001cc                isr_irq3
                0x00000000100001cc                isr_irq12
                0x00000000100001cc                isr_irq9
                0x00000000100001d2                unhandled_user_irq_num_in_r0
 *(.binary_info_header)
 .binary_info_header
                0x00000000100001d4       0x14 CMakeFiles/Assign9.dir/home/justin/pico/pico-sdk/src/rp2_common/pico_standard_link/crt0.S.obj
                0x00000000100001e8                __binary_info_header_end = .
 *(.reset)
 .reset         0x00000000100001e8       0xa8 CMakeFiles/Assign9.dir/home/justin/pico/pico-sdk/src/rp2_common/pico_standard_link/crt0.S.obj
                0x00000000100001e8                _entry_point
                0x0000000010000266                __get_current_exception
 .reset         0x0000000010000290       0x30 CMakeFiles/Assign9.dir/home/justin/pico/pico-sdk/src/rp2_common/pico_standard_link/binary_info.c.obj
 *(.init)
 .init          0x00000000100002c0        0x4 /usr/lib/gcc/arm-none-eabi/9.2.1/thumb/v6-m/nofp/crti.o
                0x00000000100002c0                _init
 *(EXCLUDE_FILE(*libm.a: *libc.a:*lib_a-mem*.o *libgcc.a:) .text*)
 .text          0x00000000100002c4       0x98 /usr/lib/gcc/arm-none-eabi/9.2.1/thumb/v6-m/nofp/crtbegin.o
 .text.segLEDLeft
                0x000000001000035c      0x6e0 CMakeFiles/Assign9.dir/Assign9.c.obj
                0x000000001000035c                segLEDLeft
 .text.segLEDRight
                0x0000000010000a3c      0x6e0 CMakeFiles/Assign9.dir/Assign9.c.obj
                0x0000000010000a3c                segLEDRight
 .text.main     0x000000001000111c      0x24c CMakeFiles/Assign9.dir/Assign9.c.obj
                0x000000001000111c                main
 .text.getButtons
                0x0000000010001368      0x250 CMakeFiles/Assign9.dir/Assign9.c.obj
                0x0000000010001368                getButtons
 .text.buttonsTask
                0x00000000100015b8        0xe CMakeFiles/Assign9.dir/Assign9.c.obj
                0x00000000100015b8                buttonsTask
 .text.rotateCW
                0x00000000100015c6       0x5a CMakeFiles/Assign9.dir/Assign9.c.obj
                0x00000000100015c6                rotateCW
 .text.rotateCCW
                0x0000000010001620       0x5a CMakeFiles/Assign9.dir/Assign9.c.obj
                0x0000000010001620                rotateCCW
 *fill*         0x000000001000167a        0x2 
 .text.fullRotateFB
                0x000000001000167c       0x5c CMakeFiles/Assign9.dir/Assign9.c.obj
                0x000000001000167c                fullRotateFB
 .text.rotateOnTemp
                0x00000000100016d8       0x68 CMakeFiles/Assign9.dir/Assign9.c.obj
                0x00000000100016d8                rotateOnTemp
 .text.rotateOnHum
                0x0000000010001740       0x88 CMakeFiles/Assign9.dir/Assign9.c.obj
                0x0000000010001740                rotateOnHum
 .text.emergencyStop
                0x00000000100017c8       0x78 CMakeFiles/Assign9.dir/Assign9.c.obj
                0x00000000100017c8                emergencyStop
 .text.stepMotorTask
                0x0000000010001840      0x13c CMakeFiles/Assign9.dir/Assign9.c.obj
                0x0000000010001840                stepMotorTask
 .text.readConfigReg
                0x000000001000197c       0x44 CMakeFiles/Assign9.dir/Assign9.c.obj
                0x000000001000197c                readConfigReg
 .text.readMFID
                0x00000000100019c0       0x44 CMakeFiles/Assign9.dir/Assign9.c.obj
                0x00000000100019c0                readMFID
 .text.readSN1  0x0000000010001a04       0x44 CMakeFiles/Assign9.dir/Assign9.c.obj
                0x0000000010001a04                readSN1
 .text.readSN2  0x0000000010001a48       0x44 CMakeFiles/Assign9.dir/Assign9.c.obj
                0x0000000010001a48                readSN2
 .text.readSN3  0x0000000010001a8c       0x44 CMakeFiles/Assign9.dir/Assign9.c.obj
                0x0000000010001a8c                readSN3
 .text.readTemperature
                0x0000000010001ad0       0x78 CMakeFiles/Assign9.dir/Assign9.c.obj
                0x0000000010001ad0                readTemperature
 .text.readHumidity
                0x0000000010001b48       0x6c CMakeFiles/Assign9.dir/Assign9.c.obj
                0x0000000010001b48                readHumidity
 .text.readHDC1080Task
                0x0000000010001bb4      0x200 CMakeFiles/Assign9.dir/Assign9.c.obj
                0x0000000010001bb4                readHDC1080Task
 .text.gpio_set_function
                0x0000000010001db4       0x30 CMakeFiles/Assign9.dir/home/justin/pico/pico-sdk/src/rp2_common/hardware_gpio/gpio.c.obj
                0x0000000010001db4                gpio_set_function
 .text.gpio_set_pulls
                0x0000000010001de4       0x34 CMakeFiles/Assign9.dir/home/justin/pico/pico-sdk/src/rp2_common/hardware_gpio/gpio.c.obj
                0x0000000010001de4                gpio_set_pulls
 .text.gpio_init
                0x0000000010001e18       0x16 CMakeFiles/Assign9.dir/home/justin/pico/pico-sdk/src/rp2_common/hardware_gpio/gpio.c.obj
                0x0000000010001e18                gpio_init
 *fill*         0x0000000010001e2e        0x2 
 .text.hw_claim_lock
                0x0000000010001e30       0x18 CMakeFiles/Assign9.dir/home/justin/pico/pico-sdk/src/rp2_common/hardware_claim/claim.c.obj
                0x0000000010001e30                hw_claim_lock
 .text.hw_claim_unlock
                0x0000000010001e48       0x14 CMakeFiles/Assign9.dir/home/justin/pico/pico-sdk/src/rp2_common/hardware_claim/claim.c.obj
                0x0000000010001e48                hw_claim_unlock
 .text.hw_claim_or_assert
                0x0000000010001e5c       0x32 CMakeFiles/Assign9.dir/home/justin/pico/pico-sdk/src/rp2_common/hardware_claim/claim.c.obj
                0x0000000010001e5c                hw_claim_or_assert
 .text.hw_claim_unused_from_range
                0x0000000010001e8e       0x50 CMakeFiles/Assign9.dir/home/justin/pico/pico-sdk/src/rp2_common/hardware_claim/claim.c.obj
                0x0000000010001e8e                hw_claim_unused_from_range
 *fill*         0x0000000010001ede        0x2 
 .text.running_on_fpga
                0x0000000010001ee0       0x14 CMakeFiles/Assign9.dir/home/justin/pico/pico-sdk/src/rp2_common/pico_platform/platform.c.obj
                0x0000000010001ee0                running_on_fpga
 .text.spin_locks_reset
                0x0000000010001ef4       0x20 CMakeFiles/Assign9.dir/home/justin/pico/pico-sdk/src/rp2_common/hardware_sync/sync.c.obj
                0x0000000010001ef4                spin_locks_reset
 .text.next_striped_spin_lock_num
                0x0000000010001f14       0x1c CMakeFiles/Assign9.dir/home/justin/pico/pico-sdk/src/rp2_common/hardware_sync/sync.c.obj
                0x0000000010001f14                next_striped_spin_lock_num
 .text.spin_lock_claim_unused
                0x0000000010001f30       0x20 CMakeFiles/Assign9.dir/home/justin/pico/pico-sdk/src/rp2_common/hardware_sync/sync.c.obj
                0x0000000010001f30                spin_lock_claim_unused
 .text.alarm_pool_post_alloc_init
                0x0000000010001f50       0x40 CMakeFiles/Assign9.dir/home/justin/pico/pico-sdk/src/common/pico_time/time.c.obj
 .text.sleep_until_callback
                0x0000000010001f90       0x30 CMakeFiles/Assign9.dir/home/justin/pico/pico-sdk/src/common/pico_time/time.c.obj
 .text.timer_pool_entry_comparator
                0x0000000010001fc0       0x7c CMakeFiles/Assign9.dir/home/justin/pico/pico-sdk/src/common/pico_time/time.c.obj
                0x0000000010001fc0                timer_pool_entry_comparator
 .text.ph_add_child_node
                0x000000001000203c       0xa4 CMakeFiles/Assign9.dir/home/justin/pico/pico-sdk/src/common/pico_time/time.c.obj
 .text.ph_merge_nodes
                0x00000000100020e0       0x3e CMakeFiles/Assign9.dir/home/justin/pico/pico-sdk/src/common/pico_time/time.c.obj
 *fill*         0x000000001000211e        0x2 
 .text.add_alarm_under_lock
                0x0000000010002120      0x174 CMakeFiles/Assign9.dir/home/justin/pico/pico-sdk/src/common/pico_time/time.c.obj
 .text.alarm_pool_alarm_callback
                0x0000000010002294      0x32c CMakeFiles/Assign9.dir/home/justin/pico/pico-sdk/src/common/pico_time/time.c.obj
 .text.alarm_pool_init_default
                0x00000000100025c0       0x38 CMakeFiles/Assign9.dir/home/justin/pico/pico-sdk/src/common/pico_time/time.c.obj
                0x00000000100025c0                alarm_pool_init_default
 .text.alarm_pool_get_default
                0x00000000100025f8       0x2c CMakeFiles/Assign9.dir/home/justin/pico/pico-sdk/src/common/pico_time/time.c.obj
                0x00000000100025f8                alarm_pool_get_default
 .text.alarm_pool_add_alarm_at
                0x0000000010002624      0x170 CMakeFiles/Assign9.dir/home/justin/pico/pico-sdk/src/common/pico_time/time.c.obj
                0x0000000010002624                alarm_pool_add_alarm_at
 .text.alarm_pool_cancel_alarm
                0x0000000010002794       0xf0 CMakeFiles/Assign9.dir/home/justin/pico/pico-sdk/src/common/pico_time/time.c.obj
                0x0000000010002794                alarm_pool_cancel_alarm
 .text.sleep_until
                0x0000000010002884       0xfc CMakeFiles/Assign9.dir/home/justin/pico/pico-sdk/src/common/pico_time/time.c.obj
                0x0000000010002884                sleep_until
 .text.sleep_us
                0x0000000010002980       0x58 CMakeFiles/Assign9.dir/home/justin/pico/pico-sdk/src/common/pico_time/time.c.obj
                0x0000000010002980                sleep_us
 .text.sleep_ms
                0x00000000100029d8       0x14 CMakeFiles/Assign9.dir/home/justin/pico/pico-sdk/src/common/pico_time/time.c.obj
                0x00000000100029d8                sleep_ms
 .text.best_effort_wfe_or_timeout
                0x00000000100029ec       0x80 CMakeFiles/Assign9.dir/home/justin/pico/pico-sdk/src/common/pico_time/time.c.obj
                0x00000000100029ec                best_effort_wfe_or_timeout
 .text.hardware_alarm_irq_handler
                0x0000000010002a6c       0x8c CMakeFiles/Assign9.dir/home/justin/pico/pico-sdk/src/rp2_common/hardware_timer/timer.c.obj
 .text.hardware_alarm_claim
                0x0000000010002af8       0x18 CMakeFiles/Assign9.dir/home/justin/pico/pico-sdk/src/rp2_common/hardware_timer/timer.c.obj
                0x0000000010002af8                hardware_alarm_claim
 .text.time_us_64
                0x0000000010002b10       0x18 CMakeFiles/Assign9.dir/home/justin/pico/pico-sdk/src/rp2_common/hardware_timer/timer.c.obj
                0x0000000010002b10                time_us_64
 .text.busy_wait_until
                0x0000000010002b28       0x24 CMakeFiles/Assign9.dir/home/justin/pico/pico-sdk/src/rp2_common/hardware_timer/timer.c.obj
                0x0000000010002b28                busy_wait_until
 .text.hardware_alarm_set_callback
                0x0000000010002b4c       0x90 CMakeFiles/Assign9.dir/home/justin/pico/pico-sdk/src/rp2_common/hardware_timer/timer.c.obj
                0x0000000010002b4c                hardware_alarm_set_callback
 .text.hardware_alarm_set_target
                0x0000000010002bdc       0xe8 CMakeFiles/Assign9.dir/home/justin/pico/pico-sdk/src/rp2_common/hardware_timer/timer.c.obj
                0x0000000010002bdc                hardware_alarm_set_target
 .text.hardware_alarm_cancel
                0x0000000010002cc4       0x40 CMakeFiles/Assign9.dir/home/justin/pico/pico-sdk/src/rp2_common/hardware_timer/timer.c.obj
                0x0000000010002cc4                hardware_alarm_cancel
 .text.lock_init
                0x0000000010002d04       0x10 CMakeFiles/Assign9.dir/home/justin/pico/pico-sdk/src/common/pico_sync/lock_core.c.obj
                0x0000000010002d04                lock_init
 .text.mutex_init
                0x0000000010002d14       0x1a CMakeFiles/Assign9.dir/home/justin/pico/pico-sdk/src/common/pico_sync/mutex.c.obj
                0x0000000010002d14                mutex_init
 .text.recursive_mutex_init
                0x0000000010002d2e       0x1e CMakeFiles/Assign9.dir/home/justin/pico/pico-sdk/src/common/pico_sync/mutex.c.obj
                0x0000000010002d2e                recursive_mutex_init
 .text.critical_section_init_with_lock_num
                0x0000000010002d4c       0x14 CMakeFiles/Assign9.dir/home/justin/pico/pico-sdk/src/common/pico_sync/critical_section.c.obj
                0x0000000010002d4c                critical_section_init_with_lock_num
 .text.critical_section_init
                0x0000000010002d60       0x14 CMakeFiles/Assign9.dir/home/justin/pico/pico-sdk/src/common/pico_sync/critical_section.c.obj
                0x0000000010002d60                critical_section_init
 .text.ph_add_child_node
                0x0000000010002d74       0xa4 CMakeFiles/Assign9.dir/home/justin/pico/pico-sdk/src/common/pico_util/pheap.c.obj
 .text.ph_merge_nodes
                0x0000000010002e18       0x3e CMakeFiles/Assign9.dir/home/justin/pico/pico-sdk/src/common/pico_util/pheap.c.obj
 *fill*         0x0000000010002e56        0x2 
 .text.ph_clear
                0x0000000010002e58       0x70 CMakeFiles/Assign9.dir/home/justin/pico/pico-sdk/src/common/pico_util/pheap.c.obj
                0x0000000010002e58                ph_clear
 .text.ph_post_alloc_init
                0x0000000010002ec8        0xe CMakeFiles/Assign9.dir/home/justin/pico/pico-sdk/src/common/pico_util/pheap.c.obj
                0x0000000010002ec8                ph_post_alloc_init
 *fill*         0x0000000010002ed6        0x2 
 .text.ph_merge_two_pass
                0x0000000010002ed8       0xa8 CMakeFiles/Assign9.dir/home/justin/pico/pico-sdk/src/common/pico_util/pheap.c.obj
                0x0000000010002ed8                ph_merge_two_pass
 .text.ph_remove_any_head
                0x0000000010002f80      0x108 CMakeFiles/Assign9.dir/home/justin/pico/pico-sdk/src/common/pico_util/pheap.c.obj
 .text.ph_remove_head
                0x0000000010003088       0x14 CMakeFiles/Assign9.dir/home/justin/pico/pico-sdk/src/common/pico_util/pheap.c.obj
                0x0000000010003088                ph_remove_head
 .text.ph_remove_and_free_node
                0x000000001000309c       0xf8 CMakeFiles/Assign9.dir/home/justin/pico/pico-sdk/src/common/pico_util/pheap.c.obj
                0x000000001000309c                ph_remove_and_free_node
 .text._exit    0x0000000010003194        0x4 CMakeFiles/Assign9.dir/home/justin/pico/pico-sdk/src/rp2_common/pico_runtime/runtime.c.obj
                0x0000000010003194                _exit
 .text._sbrk    0x0000000010003198       0x38 CMakeFiles/Assign9.dir/home/justin/pico/pico-sdk/src/rp2_common/pico_runtime/runtime.c.obj
                0x0000000010003198                _sbrk
 .text.exit     0x00000000100031d0        0x6 CMakeFiles/Assign9.dir/home/justin/pico/pico-sdk/src/rp2_common/pico_runtime/runtime.c.obj
                0x00000000100031d0                exit
 *fill*         0x00000000100031d6        0x2 
 .text.__assert_func
                0x00000000100031d8       0x3c CMakeFiles/Assign9.dir/home/justin/pico/pico-sdk/src/rp2_common/pico_runtime/runtime.c.obj
                0x00000000100031d8                __assert_func
 .text.runtime_init
                0x0000000010003214       0xf8 CMakeFiles/Assign9.dir/home/justin/pico/pico-sdk/src/rp2_common/pico_runtime/runtime.c.obj
                0x0000000010003214                runtime_init
 .text.panic    0x000000001000330c       0x30 CMakeFiles/Assign9.dir/home/justin/pico/pico-sdk/src/rp2_common/pico_runtime/runtime.c.obj
                0x000000001000330c                panic
 .text.clock_configure
                0x000000001000333c      0x104 CMakeFiles/Assign9.dir/home/justin/pico/pico-sdk/src/rp2_common/hardware_clocks/clocks.c.obj
                0x000000001000333c                clock_configure
 .text.clocks_init
                0x0000000010003440      0x100 CMakeFiles/Assign9.dir/home/justin/pico/pico-sdk/src/rp2_common/hardware_clocks/clocks.c.obj
                0x0000000010003440                clocks_init
 .text.clock_get_hz
                0x0000000010003540        0xc CMakeFiles/Assign9.dir/home/justin/pico/pico-sdk/src/rp2_common/hardware_clocks/clocks.c.obj
                0x0000000010003540                clock_get_hz
 .text.set_raw_irq_handler_and_unlock
                0x000000001000354c       0x28 CMakeFiles/Assign9.dir/home/justin/pico/pico-sdk/src/rp2_common/hardware_irq/irq.c.obj
 .text.make_branch
                0x0000000010003574       0x34 CMakeFiles/Assign9.dir/home/justin/pico/pico-sdk/src/rp2_common/hardware_irq/irq.c.obj
 .text.insert_branch_and_link
                0x00000000100035a8       0x40 CMakeFiles/Assign9.dir/home/justin/pico/pico-sdk/src/rp2_common/hardware_irq/irq.c.obj
 .text.irq_is_enabled
                0x00000000100035e8       0x18 CMakeFiles/Assign9.dir/home/justin/pico/pico-sdk/src/rp2_common/hardware_irq/irq.c.obj
                0x00000000100035e8                irq_is_enabled
 .text.irq_set_mask_enabled
                0x0000000010003600       0x20 CMakeFiles/Assign9.dir/home/justin/pico/pico-sdk/src/rp2_common/hardware_irq/irq.c.obj
                0x0000000010003600                irq_set_mask_enabled
 .text.irq_set_enabled
                0x0000000010003620        0xe CMakeFiles/Assign9.dir/home/justin/pico/pico-sdk/src/rp2_common/hardware_irq/irq.c.obj
                0x0000000010003620                irq_set_enabled
 *fill*         0x000000001000362e        0x2 
 .text.irq_set_pending
                0x0000000010003630       0x10 CMakeFiles/Assign9.dir/home/justin/pico/pico-sdk/src/rp2_common/hardware_irq/irq.c.obj
                0x0000000010003630                irq_set_pending
 .text.irq_get_vtable_handler
                0x0000000010003640       0x10 CMakeFiles/Assign9.dir/home/justin/pico/pico-sdk/src/rp2_common/hardware_irq/irq.c.obj
                0x0000000010003640                irq_get_vtable_handler
 .text.irq_set_exclusive_handler
                0x0000000010003650       0x54 CMakeFiles/Assign9.dir/home/justin/pico/pico-sdk/src/rp2_common/hardware_irq/irq.c.obj
                0x0000000010003650                irq_set_exclusive_handler
 .text.irq_remove_handler
                0x00000000100036a4      0x1ac CMakeFiles/Assign9.dir/home/justin/pico/pico-sdk/src/rp2_common/hardware_irq/irq.c.obj
                0x00000000100036a4                irq_remove_handler
 .text.irq_add_tail_to_free_list
                0x0000000010003850       0xf0 CMakeFiles/Assign9.dir/home/justin/pico/pico-sdk/src/rp2_common/hardware_irq/irq.c.obj
                0x0000000010003850                irq_add_tail_to_free_list
 .text.irq_init_priorities
                0x0000000010003940       0x1c CMakeFiles/Assign9.dir/home/justin/pico/pico-sdk/src/rp2_common/hardware_irq/irq.c.obj
                0x0000000010003940                irq_init_priorities
 .text.pll_init
                0x000000001000395c      0x118 CMakeFiles/Assign9.dir/home/justin/pico/pico-sdk/src/rp2_common/hardware_pll/pll.c.obj
                0x000000001000395c                pll_init
 .text.watchdog_start_tick
                0x0000000010003a74       0x10 CMakeFiles/Assign9.dir/home/justin/pico/pico-sdk/src/rp2_common/hardware_watchdog/watchdog.c.obj
                0x0000000010003a74                watchdog_start_tick
 .text.watchdog_update
                0x0000000010003a84       0x14 CMakeFiles/Assign9.dir/home/justin/pico/pico-sdk/src/rp2_common/hardware_watchdog/watchdog.c.obj
                0x0000000010003a84                watchdog_update
 .text._watchdog_enable
                0x0000000010003a98       0x78 CMakeFiles/Assign9.dir/home/justin/pico/pico-sdk/src/rp2_common/hardware_watchdog/watchdog.c.obj
                0x0000000010003a98                _watchdog_enable
 .text.watchdog_reboot
                0x0000000010003b10       0x48 CMakeFiles/Assign9.dir/home/justin/pico/pico-sdk/src/rp2_common/hardware_watchdog/watchdog.c.obj
                0x0000000010003b10                watchdog_reboot
 .text.xosc_init
                0x0000000010003b58       0x2c CMakeFiles/Assign9.dir/home/justin/pico/pico-sdk/src/rp2_common/hardware_xosc/xosc.c.obj
                0x0000000010003b58                xosc_init
 .text._out_buffer
                0x0000000010003b84        0x8 CMakeFiles/Assign9.dir/home/justin/pico/pico-sdk/src/rp2_common/pico_printf/printf.c.obj
 .text._out_null
                0x0000000010003b8c        0x2 CMakeFiles/Assign9.dir/home/justin/pico/pico-sdk/src/rp2_common/pico_printf/printf.c.obj
 .text._out_fct
                0x0000000010003b8e        0xe CMakeFiles/Assign9.dir/home/justin/pico/pico-sdk/src/rp2_common/pico_printf/printf.c.obj
 .text._atoi    0x0000000010003b9c       0x24 CMakeFiles/Assign9.dir/home/justin/pico/pico-sdk/src/rp2_common/pico_printf/printf.c.obj
 .text._out_rev
                0x0000000010003bc0       0xae CMakeFiles/Assign9.dir/home/justin/pico/pico-sdk/src/rp2_common/pico_printf/printf.c.obj
 .text._ntoa_format
                0x0000000010003c6e      0x110 CMakeFiles/Assign9.dir/home/justin/pico/pico-sdk/src/rp2_common/pico_printf/printf.c.obj
 .text._ntoa_long
                0x0000000010003d7e       0xbc CMakeFiles/Assign9.dir/home/justin/pico/pico-sdk/src/rp2_common/pico_printf/printf.c.obj
 .text._ntoa_long_long
                0x0000000010003e3a       0xe2 CMakeFiles/Assign9.dir/home/justin/pico/pico-sdk/src/rp2_common/pico_printf/printf.c.obj
 .text._etoa    0x0000000010003f1c      0x40c CMakeFiles/Assign9.dir/home/justin/pico/pico-sdk/src/rp2_common/pico_printf/printf.c.obj
 .text._ftoa    0x0000000010004328      0x354 CMakeFiles/Assign9.dir/home/justin/pico/pico-sdk/src/rp2_common/pico_printf/printf.c.obj
 .text._vsnprintf
                0x000000001000467c      0x628 CMakeFiles/Assign9.dir/home/justin/pico/pico-sdk/src/rp2_common/pico_printf/printf.c.obj
 .text.__wrap_sprintf
                0x0000000010004ca4       0x28 CMakeFiles/Assign9.dir/home/justin/pico/pico-sdk/src/rp2_common/pico_printf/printf.c.obj
                0x0000000010004ca4                __wrap_sprintf
 .text.vfctprintf
                0x0000000010004ccc       0x20 CMakeFiles/Assign9.dir/home/justin/pico/pico-sdk/src/rp2_common/pico_printf/printf.c.obj
                0x0000000010004ccc                vfctprintf
 .text          0x0000000010004cec       0x10 CMakeFiles/Assign9.dir/home/justin/pico/pico-sdk/src/rp2_common/pico_bit_ops/bit_ops_aeabi.S.obj
 .text.rom_func_lookup
                0x0000000010004cfc       0x10 CMakeFiles/Assign9.dir/home/justin/pico/pico-sdk/src/rp2_common/pico_bootrom/bootrom.c.obj
                0x0000000010004cfc                rom_func_lookup
 .text.rom_data_lookup
                0x0000000010004d0c       0x10 CMakeFiles/Assign9.dir/home/justin/pico/pico-sdk/src/rp2_common/pico_bootrom/bootrom.c.obj
                0x0000000010004d0c                rom_data_lookup
 .text.rom_funcs_lookup
                0x0000000010004d1c       0x36 CMakeFiles/Assign9.dir/home/justin/pico/pico-sdk/src/rp2_common/pico_bootrom/bootrom.c.obj
                0x0000000010004d1c                rom_funcs_lookup
 *fill*         0x0000000010004d52        0x2 
 .text.__wrap___aeabi_idiv
                0x0000000010004d54       0x50 CMakeFiles/Assign9.dir/home/justin/pico/pico-sdk/src/rp2_common/pico_divider/divider.S.obj
                0x0000000010004d54                __wrap___aeabi_idivmod
                0x0000000010004d54                divmod_s32s32
                0x0000000010004d54                div_s32s32
                0x0000000010004d54                __wrap___aeabi_idiv
                0x0000000010004d5c                divmod_s32s32_unsafe
                0x0000000010004d88                divmod_s32s32_savestate
 .text.__wrap___aeabi_uidiv
                0x0000000010004da4       0x4c CMakeFiles/Assign9.dir/home/justin/pico/pico-sdk/src/rp2_common/pico_divider/divider.S.obj
                0x0000000010004da4                __wrap___aeabi_uidiv
                0x0000000010004da4                __wrap___aeabi_uidivmod
                0x0000000010004da4                div_u32u32
                0x0000000010004da4                divmod_u32u32
                0x0000000010004dac                divmod_u32u32_unsafe
                0x0000000010004dd4                divmod_u32u32_savestate
 .text.__wrap___aeabi_ldiv
                0x0000000010004df0      0x434 CMakeFiles/Assign9.dir/home/justin/pico/pico-sdk/src/rp2_common/pico_divider/divider.S.obj
                0x0000000010004df0                div_s64s64
                0x0000000010004df0                divmod_s64s64
                0x0000000010004df0                __wrap___aeabi_ldivmod
                0x0000000010004e28                div_u64u64
                0x0000000010004e28                divmod_u64u64
                0x0000000010004e28                __wrap___aeabi_uldivmod
                0x0000000010004e38                divmod_u64u64_savestate
                0x0000000010004e60                divmod_s64s64_unsafe
                0x0000000010004ee8                divmod_u64u64_unsafe
 .text.__wrap___aeabi_darithmetic
                0x0000000010005224       0x60 CMakeFiles/Assign9.dir/home/justin/pico/pico-sdk/src/rp2_common/pico_double/double_aeabi.S.obj
                0x0000000010005224                __wrap___aeabi_drsub
                0x000000001000522a                __wrap___aeabi_dsub
                0x0000000010005234                __wrap___aeabi_dadd
                0x000000001000523e                __wrap___aeabi_ddiv
                0x0000000010005272                __wrap___aeabi_dmul
 .text.__wrap___aeabi_cdcmple
                0x0000000010005284       0x6c CMakeFiles/Assign9.dir/home/justin/pico/pico-sdk/src/rp2_common/pico_double/double_aeabi.S.obj
                0x0000000010005284                __wrap___aeabi_cdrcmple
                0x0000000010005294                __wrap___aeabi_cdcmple
                0x0000000010005294                __wrap___aeabi_cdcmpeq
 .text.__wrap___aeabi_dcmplt
                0x00000000100052f0        0xc CMakeFiles/Assign9.dir/home/justin/pico/pico-sdk/src/rp2_common/pico_double/double_aeabi.S.obj
                0x00000000100052f0                __wrap___aeabi_dcmplt
 .text.__wrap___aeabi_dcmple
                0x00000000100052fc       0x10 CMakeFiles/Assign9.dir/home/justin/pico/pico-sdk/src/rp2_common/pico_double/double_aeabi.S.obj
                0x00000000100052fc                __wrap___aeabi_dcmple
 .text.__wrap___aeabi_dcmpge
                0x000000001000530c       0x10 CMakeFiles/Assign9.dir/home/justin/pico/pico-sdk/src/rp2_common/pico_double/double_aeabi.S.obj
                0x000000001000530c                __wrap___aeabi_dcmpge
 .text.__wrap___aeabi_dcmpgt
                0x000000001000531c        0xa CMakeFiles/Assign9.dir/home/justin/pico/pico-sdk/src/rp2_common/pico_double/double_aeabi.S.obj
                0x000000001000531c                __wrap___aeabi_dcmpgt
 .text.__wrap___aeabi_dcmpun
                0x0000000010005326       0x1c CMakeFiles/Assign9.dir/home/justin/pico/pico-sdk/src/rp2_common/pico_double/double_aeabi.S.obj
                0x0000000010005326                __wrap___aeabi_dcmpun
 *fill*         0x0000000010005342        0x2 
 .text.__wrap___aeabi_i2d
                0x0000000010005344       0x38 CMakeFiles/Assign9.dir/home/justin/pico/pico-sdk/src/rp2_common/pico_double/double_aeabi.S.obj
                0x0000000010005344                __wrap___aeabi_ui2d
                0x000000001000534c                __wrap___aeabi_i2d
 .text.__wrap___aeabi_d2iz
                0x000000001000537c       0x48 CMakeFiles/Assign9.dir/home/justin/pico/pico-sdk/src/rp2_common/pico_double/double_aeabi.S.obj
                0x000000001000537c                __wrap___aeabi_d2iz
                0x000000001000537c                double2int_z
 .text.__wrap___aeabi_d2uiz
                0x00000000100053c4       0x10 CMakeFiles/Assign9.dir/home/justin/pico/pico-sdk/src/rp2_common/pico_double/double_aeabi.S.obj
                0x00000000100053c4                double2uint
                0x00000000100053c4                __wrap___aeabi_d2uiz
 .text.__wrap___aeabi_d2f
                0x00000000100053d4       0x10 CMakeFiles/Assign9.dir/home/justin/pico/pico-sdk/src/rp2_common/pico_double/double_aeabi.S.obj
                0x00000000100053d4                __wrap___aeabi_d2f
 .text.missing_double_func_shim
                0x00000000100053e4        0xc CMakeFiles/Assign9.dir/home/justin/pico/pico-sdk/src/rp2_common/pico_double/double_init_rom.c.obj
 .text.__aeabi_double_init
                0x00000000100053f0       0xcc CMakeFiles/Assign9.dir/home/justin/pico/pico-sdk/src/rp2_common/pico_double/double_init_rom.c.obj
                0x00000000100053f0                __aeabi_double_init
 .text.__wrap_round
                0x00000000100054bc       0x9c CMakeFiles/Assign9.dir/home/justin/pico/pico-sdk/src/rp2_common/pico_double/double_math.c.obj
                0x00000000100054bc                __wrap_round
 .text.double_table_shim_on_use_helper
                0x0000000010005558       0x34 CMakeFiles/Assign9.dir/home/justin/pico/pico-sdk/src/rp2_common/pico_double/double_v1_rom_shim.S.obj
                0x0000000010005558                double_table_shim_on_use_helper
 .text.__aeabi_lmul
                0x000000001000558c       0x32 CMakeFiles/Assign9.dir/home/justin/pico/pico-sdk/src/rp2_common/pico_int64_ops/pico_int64_ops_aeabi.S.obj
                0x000000001000558c                __wrap___aeabi_lmul
 *fill*         0x00000000100055be        0x2 
 .text.__wrap___aeabi_f2d
                0x00000000100055c0        0xc CMakeFiles/Assign9.dir/home/justin/pico/pico-sdk/src/rp2_common/pico_float/float_aeabi.S.obj
                0x00000000100055c0                __wrap___aeabi_f2d
 .text.missing_float_func_shim
                0x00000000100055cc        0xc CMakeFiles/Assign9.dir/home/justin/pico/pico-sdk/src/rp2_common/pico_float/float_init_rom.c.obj
 .text.__aeabi_float_init
                0x00000000100055d8       0x88 CMakeFiles/Assign9.dir/home/justin/pico/pico-sdk/src/rp2_common/pico_float/float_init_rom.c.obj
                0x00000000100055d8                __aeabi_float_init
 .text.__wrap_malloc
                0x0000000010005660       0x24 CMakeFiles/Assign9.dir/home/justin/pico/pico-sdk/src/rp2_common/pico_malloc/pico_malloc.c.obj
                0x0000000010005660                __wrap_malloc
 .text.__wrap_free
                0x0000000010005684        0x8 CMakeFiles/Assign9.dir/home/justin/pico/pico-sdk/src/rp2_common/pico_malloc/pico_malloc.c.obj
                0x0000000010005684                __wrap_free
 .text          0x000000001000568c       0x10 CMakeFiles/Assign9.dir/home/justin/pico/pico-sdk/src/rp2_common/pico_mem_ops/mem_ops_aeabi.S.obj
                0x000000001000568c                __aeabi_mem_init
 .text.memset   0x000000001000569c        0xc CMakeFiles/Assign9.dir/home/justin/pico/pico-sdk/src/rp2_common/pico_mem_ops/mem_ops_aeabi.S.obj
                0x000000001000569c                __wrap_memset
 .text.memcpy   0x00000000100056a8        0xc CMakeFiles/Assign9.dir/home/justin/pico/pico-sdk/src/rp2_common/pico_mem_ops/mem_ops_aeabi.S.obj
                0x00000000100056a8                __wrap___aeabi_memcpy
                0x00000000100056a8                __wrap_memcpy
 .text.stdio_out_chars_no_crlf
                0x00000000100056b4        0xe CMakeFiles/Assign9.dir/home/justin/pico/pico-sdk/src/rp2_common/pico_stdio/stdio.c.obj
 *fill*         0x00000000100056c2        0x2 
 .text.stdio_out_chars_crlf
                0x00000000100056c4       0x80 CMakeFiles/Assign9.dir/home/justin/pico/pico-sdk/src/rp2_common/pico_stdio/stdio.c.obj
 .text.stdio_stack_buffer_flush
                0x0000000010005744       0x44 CMakeFiles/Assign9.dir/home/justin/pico/pico-sdk/src/rp2_common/pico_stdio/stdio.c.obj
 .text.stdio_buffered_printer
                0x0000000010005788       0x20 CMakeFiles/Assign9.dir/home/justin/pico/pico-sdk/src/rp2_common/pico_stdio/stdio.c.obj
 .text.stdout_serialize_begin
                0x00000000100057a8       0x30 CMakeFiles/Assign9.dir/home/justin/pico/pico-sdk/src/rp2_common/pico_stdio/stdio.c.obj
                0x00000000100057a8                stdout_serialize_begin
 .text.stdout_serialize_end
                0x00000000100057d8       0x10 CMakeFiles/Assign9.dir/home/justin/pico/pico-sdk/src/rp2_common/pico_stdio/stdio.c.obj
                0x00000000100057d8                stdout_serialize_end
 .text.stdio_put_string
                0x00000000100057e8       0x98 CMakeFiles/Assign9.dir/home/justin/pico/pico-sdk/src/rp2_common/pico_stdio/stdio.c.obj
 .text.stdio_set_driver_enabled
                0x0000000010005880       0x38 CMakeFiles/Assign9.dir/home/justin/pico/pico-sdk/src/rp2_common/pico_stdio/stdio.c.obj
                0x0000000010005880                stdio_set_driver_enabled
 .text.stdio_flush
                0x00000000100058b8       0x20 CMakeFiles/Assign9.dir/home/justin/pico/pico-sdk/src/rp2_common/pico_stdio/stdio.c.obj
                0x00000000100058b8                stdio_flush
 .text.__wrap_puts
                0x00000000100058d8       0x1e CMakeFiles/Assign9.dir/home/justin/pico/pico-sdk/src/rp2_common/pico_stdio/stdio.c.obj
                0x00000000100058d8                __wrap_puts
 *fill*         0x00000000100058f6        0x2 
 .text.__wrap_vprintf
                0x00000000100058f8       0x44 CMakeFiles/Assign9.dir/home/justin/pico/pico-sdk/src/rp2_common/pico_stdio/stdio.c.obj
                0x00000000100058f8                __wrap_vprintf
 .text.__wrap_printf
                0x000000001000593c       0x18 CMakeFiles/Assign9.dir/home/justin/pico/pico-sdk/src/rp2_common/pico_stdio/stdio.c.obj
                0x000000001000593c                __wrap_printf
 .text.stdio_init_all
                0x0000000010005954        0x8 CMakeFiles/Assign9.dir/home/justin/pico/pico-sdk/src/rp2_common/pico_stdio/stdio.c.obj
                0x0000000010005954                stdio_init_all
 .text.resetd_init
                0x000000001000595c        0x2 CMakeFiles/Assign9.dir/home/justin/pico/pico-sdk/src/rp2_common/pico_stdio_usb/reset_interface.c.obj
 *fill*         0x000000001000595e        0x2 
 .text.resetd_reset
                0x0000000010005960        0xc CMakeFiles/Assign9.dir/home/justin/pico/pico-sdk/src/rp2_common/pico_stdio_usb/reset_interface.c.obj
 .text.resetd_open
                0x000000001000596c       0x34 CMakeFiles/Assign9.dir/home/justin/pico/pico-sdk/src/rp2_common/pico_stdio_usb/reset_interface.c.obj
 .text.resetd_xfer_cb
                0x00000000100059a0        0x4 CMakeFiles/Assign9.dir/home/justin/pico/pico-sdk/src/rp2_common/pico_stdio_usb/reset_interface.c.obj
 .text.resetd_control_xfer_cb
                0x00000000100059a4       0x6c CMakeFiles/Assign9.dir/home/justin/pico/pico-sdk/src/rp2_common/pico_stdio_usb/reset_interface.c.obj
 .text.usbd_app_driver_get_cb
                0x0000000010005a10        0xc CMakeFiles/Assign9.dir/home/justin/pico/pico-sdk/src/rp2_common/pico_stdio_usb/reset_interface.c.obj
                0x0000000010005a10                usbd_app_driver_get_cb
 .text.tud_cdc_line_coding_cb
                0x0000000010005a1c       0x34 CMakeFiles/Assign9.dir/home/justin/pico/pico-sdk/src/rp2_common/pico_stdio_usb/reset_interface.c.obj
                0x0000000010005a1c                tud_cdc_line_coding_cb
 .text.stdio_usb_in_chars
                0x0000000010005a50       0x70 CMakeFiles/Assign9.dir/home/justin/pico/pico-sdk/src/rp2_common/pico_stdio_usb/stdio_usb.c.obj
                0x0000000010005a50                stdio_usb_in_chars
 .text.low_priority_worker_irq
                0x0000000010005ac0       0x20 CMakeFiles/Assign9.dir/home/justin/pico/pico-sdk/src/rp2_common/pico_stdio_usb/stdio_usb.c.obj
 .text.stdio_usb_out_chars
                0x0000000010005ae0       0xd4 CMakeFiles/Assign9.dir/home/justin/pico/pico-sdk/src/rp2_common/pico_stdio_usb/stdio_usb.c.obj
 .text.timer_task
                0x0000000010005bb4       0x10 CMakeFiles/Assign9.dir/home/justin/pico/pico-sdk/src/rp2_common/pico_stdio_usb/stdio_usb.c.obj
 .text.stdio_usb_init
                0x0000000010005bc4       0xb8 CMakeFiles/Assign9.dir/home/justin/pico/pico-sdk/src/rp2_common/pico_stdio_usb/stdio_usb.c.obj
                0x0000000010005bc4                stdio_usb_init
 .text.tud_descriptor_device_cb
                0x0000000010005c7c        0x8 CMakeFiles/Assign9.dir/home/justin/pico/pico-sdk/src/rp2_common/pico_stdio_usb/stdio_usb_descriptors.c.obj
                0x0000000010005c7c                tud_descriptor_device_cb
 .text.tud_descriptor_configuration_cb
                0x0000000010005c84        0x8 CMakeFiles/Assign9.dir/home/justin/pico/pico-sdk/src/rp2_common/pico_stdio_usb/stdio_usb_descriptors.c.obj
                0x0000000010005c84                tud_descriptor_configuration_cb
 .text.tud_descriptor_string_cb
                0x0000000010005c8c       0x6c CMakeFiles/Assign9.dir/home/justin/pico/pico-sdk/src/rp2_common/pico_stdio_usb/stdio_usb_descriptors.c.obj
                0x0000000010005c8c                tud_descriptor_string_cb
 .text.hw_endpoint_get_by_addr
                0x0000000010005cf8       0x18 CMakeFiles/Assign9.dir/home/justin/pico/pico-sdk/lib/tinyusb/src/portable/raspberrypi/rp2040/dcd_rp2040.c.obj
 .text.reset_ep0_pid
                0x0000000010005d10       0x28 CMakeFiles/Assign9.dir/home/justin/pico/pico-sdk/lib/tinyusb/src/portable/raspberrypi/rp2040/dcd_rp2040.c.obj
 .text._hw_endpoint_alloc
                0x0000000010005d38       0x70 CMakeFiles/Assign9.dir/home/justin/pico/pico-sdk/lib/tinyusb/src/portable/raspberrypi/rp2040/dcd_rp2040.c.obj
 .text.hw_endpoint_init
                0x0000000010005da8       0x88 CMakeFiles/Assign9.dir/home/justin/pico/pico-sdk/lib/tinyusb/src/portable/raspberrypi/rp2040/dcd_rp2040.c.obj
 .text.reset_non_control_endpoints
                0x0000000010005e30       0x40 CMakeFiles/Assign9.dir/home/justin/pico/pico-sdk/lib/tinyusb/src/portable/raspberrypi/rp2040/dcd_rp2040.c.obj
 .text.hw_handle_buff_status
                0x0000000010005e70       0x8c CMakeFiles/Assign9.dir/home/justin/pico/pico-sdk/lib/tinyusb/src/portable/raspberrypi/rp2040/dcd_rp2040.c.obj
 .text.dcd_rp2040_irq
                0x0000000010005efc       0xc0 CMakeFiles/Assign9.dir/home/justin/pico/pico-sdk/lib/tinyusb/src/portable/raspberrypi/rp2040/dcd_rp2040.c.obj
 .text.hw_endpoint_xfer
                0x0000000010005fbc       0x14 CMakeFiles/Assign9.dir/home/justin/pico/pico-sdk/lib/tinyusb/src/portable/raspberrypi/rp2040/dcd_rp2040.c.obj
 .text.dcd_int_enable
                0x0000000010005fd0       0x2c CMakeFiles/Assign9.dir/home/justin/pico/pico-sdk/lib/tinyusb/src/portable/raspberrypi/rp2040/dcd_rp2040.c.obj
                0x0000000010005fd0                dcd_int_enable
 .text.dcd_set_address
                0x0000000010005ffc       0x2c CMakeFiles/Assign9.dir/home/justin/pico/pico-sdk/lib/tinyusb/src/portable/raspberrypi/rp2040/dcd_rp2040.c.obj
                0x0000000010005ffc                dcd_set_address
 .text.dcd_connect
                0x0000000010006028       0x10 CMakeFiles/Assign9.dir/home/justin/pico/pico-sdk/lib/tinyusb/src/portable/raspberrypi/rp2040/dcd_rp2040.c.obj
                0x0000000010006028                dcd_connect
 .text.dcd_init
                0x0000000010006038       0x7c CMakeFiles/Assign9.dir/home/justin/pico/pico-sdk/lib/tinyusb/src/portable/raspberrypi/rp2040/dcd_rp2040.c.obj
                0x0000000010006038                dcd_init
 .text.dcd_edpt0_status_complete
                0x00000000100060b4       0x1c CMakeFiles/Assign9.dir/home/justin/pico/pico-sdk/lib/tinyusb/src/portable/raspberrypi/rp2040/dcd_rp2040.c.obj
                0x00000000100060b4                dcd_edpt0_status_complete
 .text.dcd_edpt_open
                0x00000000100060d0       0x40 CMakeFiles/Assign9.dir/home/justin/pico/pico-sdk/lib/tinyusb/src/portable/raspberrypi/rp2040/dcd_rp2040.c.obj
                0x00000000100060d0                dcd_edpt_open
 .text.dcd_edpt_close_all
                0x0000000010006110        0x8 CMakeFiles/Assign9.dir/home/justin/pico/pico-sdk/lib/tinyusb/src/portable/raspberrypi/rp2040/dcd_rp2040.c.obj
                0x0000000010006110                dcd_edpt_close_all
 .text.dcd_edpt_xfer
                0x0000000010006118       0x30 CMakeFiles/Assign9.dir/home/justin/pico/pico-sdk/lib/tinyusb/src/portable/raspberrypi/rp2040/dcd_rp2040.c.obj
                0x0000000010006118                dcd_edpt_xfer
 .text.dcd_edpt_stall
                0x0000000010006148       0x2c CMakeFiles/Assign9.dir/home/justin/pico/pico-sdk/lib/tinyusb/src/portable/raspberrypi/rp2040/dcd_rp2040.c.obj
                0x0000000010006148                dcd_edpt_stall
 .text.dcd_edpt_clear_stall
                0x0000000010006174       0x20 CMakeFiles/Assign9.dir/home/justin/pico/pico-sdk/lib/tinyusb/src/portable/raspberrypi/rp2040/dcd_rp2040.c.obj
                0x0000000010006174                dcd_edpt_clear_stall
 .text.prepare_ep_buffer
                0x0000000010006194       0x70 CMakeFiles/Assign9.dir/home/justin/pico/pico-sdk/lib/tinyusb/src/portable/raspberrypi/rp2040/rp2040_usb.c.obj
 .text.sync_ep_buffer
                0x0000000010006204       0x7c CMakeFiles/Assign9.dir/home/justin/pico/pico-sdk/lib/tinyusb/src/portable/raspberrypi/rp2040/rp2040_usb.c.obj
 .text._hw_endpoint_xfer_sync
                0x0000000010006280       0x28 CMakeFiles/Assign9.dir/home/justin/pico/pico-sdk/lib/tinyusb/src/portable/raspberrypi/rp2040/rp2040_usb.c.obj
 .text.rp2040_usb_init
                0x00000000100062a8       0x4c CMakeFiles/Assign9.dir/home/justin/pico/pico-sdk/lib/tinyusb/src/portable/raspberrypi/rp2040/rp2040_usb.c.obj
                0x00000000100062a8                rp2040_usb_init
 .text.hw_endpoint_reset_transfer
                0x00000000100062f4        0xc CMakeFiles/Assign9.dir/home/justin/pico/pico-sdk/lib/tinyusb/src/portable/raspberrypi/rp2040/rp2040_usb.c.obj
                0x00000000100062f4                hw_endpoint_reset_transfer
 .text._hw_endpoint_buffer_control_update32
                0x0000000010006300       0x58 CMakeFiles/Assign9.dir/home/justin/pico/pico-sdk/lib/tinyusb/src/portable/raspberrypi/rp2040/rp2040_usb.c.obj
                0x0000000010006300                _hw_endpoint_buffer_control_update32
 .text._hw_endpoint_start_next_buffer
                0x0000000010006358       0x74 CMakeFiles/Assign9.dir/home/justin/pico/pico-sdk/lib/tinyusb/src/portable/raspberrypi/rp2040/rp2040_usb.c.obj
 .text.hw_endpoint_xfer_start
                0x00000000100063cc       0x48 CMakeFiles/Assign9.dir/home/justin/pico/pico-sdk/lib/tinyusb/src/portable/raspberrypi/rp2040/rp2040_usb.c.obj
                0x00000000100063cc                hw_endpoint_xfer_start
 .text.hw_endpoint_xfer_continue
                0x0000000010006414       0x38 CMakeFiles/Assign9.dir/home/justin/pico/pico-sdk/lib/tinyusb/src/portable/raspberrypi/rp2040/rp2040_usb.c.obj
                0x0000000010006414                hw_endpoint_xfer_continue
 .text.configuration_reset
                0x000000001000644c       0x84 CMakeFiles/Assign9.dir/home/justin/pico/pico-sdk/lib/tinyusb/src/device/usbd.c.obj
 .text.usbd_reset
                0x00000000100064d0        0xc CMakeFiles/Assign9.dir/home/justin/pico/pico-sdk/lib/tinyusb/src/device/usbd.c.obj
 .text.invoke_class_control
                0x00000000100064dc       0x1a CMakeFiles/Assign9.dir/home/justin/pico/pico-sdk/lib/tinyusb/src/device/usbd.c.obj
 *fill*         0x00000000100064f6        0x2 
 .text.process_set_config
                0x00000000100064f8      0x1ac CMakeFiles/Assign9.dir/home/justin/pico/pico-sdk/lib/tinyusb/src/device/usbd.c.obj
 .text.process_get_descriptor
                0x00000000100066a4       0xec CMakeFiles/Assign9.dir/home/justin/pico/pico-sdk/lib/tinyusb/src/device/usbd.c.obj
 .text.tud_mounted
                0x0000000010006790       0x10 CMakeFiles/Assign9.dir/home/justin/pico/pico-sdk/lib/tinyusb/src/device/usbd.c.obj
                0x0000000010006790                tud_mounted
 .text.tud_suspended
                0x00000000100067a0       0x10 CMakeFiles/Assign9.dir/home/justin/pico/pico-sdk/lib/tinyusb/src/device/usbd.c.obj
                0x00000000100067a0                tud_suspended
 .text.tud_inited
                0x00000000100067b0        0xc CMakeFiles/Assign9.dir/home/justin/pico/pico-sdk/lib/tinyusb/src/device/usbd.c.obj
                0x00000000100067b0                tud_inited
 .text.tud_init
                0x00000000100067bc       0xcc CMakeFiles/Assign9.dir/home/justin/pico/pico-sdk/lib/tinyusb/src/device/usbd.c.obj
                0x00000000100067bc                tud_init
 .text.dcd_event_handler
                0x0000000010006888      0x1e0 CMakeFiles/Assign9.dir/home/justin/pico/pico-sdk/lib/tinyusb/src/device/usbd.c.obj
                0x0000000010006888                dcd_event_handler
 .text.dcd_event_bus_signal
                0x0000000010006a68       0x26 CMakeFiles/Assign9.dir/home/justin/pico/pico-sdk/lib/tinyusb/src/device/usbd.c.obj
                0x0000000010006a68                dcd_event_bus_signal
 .text.dcd_event_bus_reset
                0x0000000010006a8e       0x2a CMakeFiles/Assign9.dir/home/justin/pico/pico-sdk/lib/tinyusb/src/device/usbd.c.obj
                0x0000000010006a8e                dcd_event_bus_reset
 .text.dcd_event_setup_received
                0x0000000010006ab8       0x34 CMakeFiles/Assign9.dir/home/justin/pico/pico-sdk/lib/tinyusb/src/device/usbd.c.obj
                0x0000000010006ab8                dcd_event_setup_received
 .text.dcd_event_xfer_complete
                0x0000000010006aec       0x44 CMakeFiles/Assign9.dir/home/justin/pico/pico-sdk/lib/tinyusb/src/device/usbd.c.obj
                0x0000000010006aec                dcd_event_xfer_complete
 .text.usbd_edpt_open
                0x0000000010006b30       0x58 CMakeFiles/Assign9.dir/home/justin/pico/pico-sdk/lib/tinyusb/src/device/usbd.c.obj
                0x0000000010006b30                usbd_edpt_open
 .text.usbd_open_edpt_pair
                0x0000000010006b88       0x8c CMakeFiles/Assign9.dir/home/justin/pico/pico-sdk/lib/tinyusb/src/device/usbd.c.obj
                0x0000000010006b88                usbd_open_edpt_pair
 .text.usbd_edpt_claim
                0x0000000010006c14       0x8c CMakeFiles/Assign9.dir/home/justin/pico/pico-sdk/lib/tinyusb/src/device/usbd.c.obj
                0x0000000010006c14                usbd_edpt_claim
 .text.usbd_edpt_release
                0x0000000010006ca0       0x68 CMakeFiles/Assign9.dir/home/justin/pico/pico-sdk/lib/tinyusb/src/device/usbd.c.obj
                0x0000000010006ca0                usbd_edpt_release
 .text.usbd_edpt_xfer
                0x0000000010006d08       0x80 CMakeFiles/Assign9.dir/home/justin/pico/pico-sdk/lib/tinyusb/src/device/usbd.c.obj
                0x0000000010006d08                usbd_edpt_xfer
 .text.usbd_edpt_stall
                0x0000000010006d88       0x40 CMakeFiles/Assign9.dir/home/justin/pico/pico-sdk/lib/tinyusb/src/device/usbd.c.obj
                0x0000000010006d88                usbd_edpt_stall
 .text.usbd_edpt_clear_stall
                0x0000000010006dc8       0x40 CMakeFiles/Assign9.dir/home/justin/pico/pico-sdk/lib/tinyusb/src/device/usbd.c.obj
                0x0000000010006dc8                usbd_edpt_clear_stall
 .text.usbd_edpt_stalled
                0x0000000010006e08       0x1c CMakeFiles/Assign9.dir/home/justin/pico/pico-sdk/lib/tinyusb/src/device/usbd.c.obj
                0x0000000010006e08                usbd_edpt_stalled
 .text.process_control_request
                0x0000000010006e24      0x3b8 CMakeFiles/Assign9.dir/home/justin/pico/pico-sdk/lib/tinyusb/src/device/usbd.c.obj
 .text.tud_task
                0x00000000100071dc      0x218 CMakeFiles/Assign9.dir/home/justin/pico/pico-sdk/lib/tinyusb/src/device/usbd.c.obj
                0x00000000100071dc                tud_task
 .text._data_stage_xact
                0x00000000100073f4       0x58 CMakeFiles/Assign9.dir/home/justin/pico/pico-sdk/lib/tinyusb/src/device/usbd_control.c.obj
 .text.tud_control_status
                0x000000001000744c       0x38 CMakeFiles/Assign9.dir/home/justin/pico/pico-sdk/lib/tinyusb/src/device/usbd_control.c.obj
                0x000000001000744c                tud_control_status
 .text.tud_control_xfer
                0x0000000010007484       0xa8 CMakeFiles/Assign9.dir/home/justin/pico/pico-sdk/lib/tinyusb/src/device/usbd_control.c.obj
                0x0000000010007484                tud_control_xfer
 .text.usbd_control_reset
                0x000000001000752c       0x14 CMakeFiles/Assign9.dir/home/justin/pico/pico-sdk/lib/tinyusb/src/device/usbd_control.c.obj
                0x000000001000752c                usbd_control_reset
 .text.usbd_control_set_complete_callback
                0x0000000010007540        0xc CMakeFiles/Assign9.dir/home/justin/pico/pico-sdk/lib/tinyusb/src/device/usbd_control.c.obj
                0x0000000010007540                usbd_control_set_complete_callback
 .text.usbd_control_set_request
                0x000000001000754c       0x1c CMakeFiles/Assign9.dir/home/justin/pico/pico-sdk/lib/tinyusb/src/device/usbd_control.c.obj
                0x000000001000754c                usbd_control_set_request
 .text.usbd_control_xfer_cb
                0x0000000010007568       0xfc CMakeFiles/Assign9.dir/home/justin/pico/pico-sdk/lib/tinyusb/src/device/usbd_control.c.obj
                0x0000000010007568                usbd_control_xfer_cb
 .text._prep_out_transaction
                0x0000000010007664       0x46 CMakeFiles/Assign9.dir/home/justin/pico/pico-sdk/lib/tinyusb/src/class/cdc/cdc_device.c.obj
 *fill*         0x00000000100076aa        0x2 
 .text.tud_cdc_n_connected
                0x00000000100076ac       0x44 CMakeFiles/Assign9.dir/home/justin/pico/pico-sdk/lib/tinyusb/src/class/cdc/cdc_device.c.obj
                0x00000000100076ac                tud_cdc_n_connected
 .text.tud_cdc_n_available
                0x00000000100076f0       0x18 CMakeFiles/Assign9.dir/home/justin/pico/pico-sdk/lib/tinyusb/src/class/cdc/cdc_device.c.obj
                0x00000000100076f0                tud_cdc_n_available
 .text.tud_cdc_n_read
                0x0000000010007708       0x28 CMakeFiles/Assign9.dir/home/justin/pico/pico-sdk/lib/tinyusb/src/class/cdc/cdc_device.c.obj
                0x0000000010007708                tud_cdc_n_read
 .text.tud_cdc_n_write_flush
                0x0000000010007730       0xcc CMakeFiles/Assign9.dir/home/justin/pico/pico-sdk/lib/tinyusb/src/class/cdc/cdc_device.c.obj
                0x0000000010007730                tud_cdc_n_write_flush
 .text.tud_cdc_n_write
                0x00000000100077fc       0x38 CMakeFiles/Assign9.dir/home/justin/pico/pico-sdk/lib/tinyusb/src/class/cdc/cdc_device.c.obj
                0x00000000100077fc                tud_cdc_n_write
 .text.tud_cdc_n_write_available
                0x0000000010007834       0x1c CMakeFiles/Assign9.dir/home/justin/pico/pico-sdk/lib/tinyusb/src/class/cdc/cdc_device.c.obj
                0x0000000010007834                tud_cdc_n_write_available
 .text.cdcd_init
                0x0000000010007850       0xbc CMakeFiles/Assign9.dir/home/justin/pico/pico-sdk/lib/tinyusb/src/class/cdc/cdc_device.c.obj
                0x0000000010007850                cdcd_init
 .text.cdcd_reset
                0x000000001000790c       0x44 CMakeFiles/Assign9.dir/home/justin/pico/pico-sdk/lib/tinyusb/src/class/cdc/cdc_device.c.obj
                0x000000001000790c                cdcd_reset
 .text.cdcd_open
                0x0000000010007950       0xf8 CMakeFiles/Assign9.dir/home/justin/pico/pico-sdk/lib/tinyusb/src/class/cdc/cdc_device.c.obj
                0x0000000010007950                cdcd_open
 .text.cdcd_control_xfer_cb
                0x0000000010007a48      0x134 CMakeFiles/Assign9.dir/home/justin/pico/pico-sdk/lib/tinyusb/src/class/cdc/cdc_device.c.obj
                0x0000000010007a48                cdcd_control_xfer_cb
 .text.cdcd_xfer_cb
                0x0000000010007b7c      0x144 CMakeFiles/Assign9.dir/home/justin/pico/pico-sdk/lib/tinyusb/src/class/cdc/cdc_device.c.obj
                0x0000000010007b7c                cdcd_xfer_cb
 .text.tusb_init
                0x0000000010007cc0       0x24 CMakeFiles/Assign9.dir/home/justin/pico/pico-sdk/lib/tinyusb/src/tusb.c.obj
                0x0000000010007cc0                tusb_init
 .text.tusb_inited
                0x0000000010007ce4        0xe CMakeFiles/Assign9.dir/home/justin/pico/pico-sdk/lib/tinyusb/src/tusb.c.obj
                0x0000000010007ce4                tusb_inited
 *fill*         0x0000000010007cf2        0x2 
 .text.tu_edpt_validate
                0x0000000010007cf4       0xa8 CMakeFiles/Assign9.dir/home/justin/pico/pico-sdk/lib/tinyusb/src/tusb.c.obj
                0x0000000010007cf4                tu_edpt_validate
 .text.tu_edpt_bind_driver
                0x0000000010007d9c       0x2a CMakeFiles/Assign9.dir/home/justin/pico/pico-sdk/lib/tinyusb/src/tusb.c.obj
                0x0000000010007d9c                tu_edpt_bind_driver
 .text.advance_pointer
                0x0000000010007dc6       0x18 CMakeFiles/Assign9.dir/home/justin/pico/pico-sdk/lib/tinyusb/src/common/tusb_fifo.c.obj
 .text.backward_pointer
                0x0000000010007dde       0x1e CMakeFiles/Assign9.dir/home/justin/pico/pico-sdk/lib/tinyusb/src/common/tusb_fifo.c.obj
 .text.get_relative_pointer
                0x0000000010007dfc       0x10 CMakeFiles/Assign9.dir/home/justin/pico/pico-sdk/lib/tinyusb/src/common/tusb_fifo.c.obj
 .text._tu_fifo_peek
                0x0000000010007e0c       0x50 CMakeFiles/Assign9.dir/home/justin/pico/pico-sdk/lib/tinyusb/src/common/tusb_fifo.c.obj
 .text._ff_pull_const_addr
                0x0000000010007e5c       0x4c CMakeFiles/Assign9.dir/home/justin/pico/pico-sdk/lib/tinyusb/src/common/tusb_fifo.c.obj
 .text._ff_pull_n
                0x0000000010007ea8      0x10c CMakeFiles/Assign9.dir/home/justin/pico/pico-sdk/lib/tinyusb/src/common/tusb_fifo.c.obj
 .text._tu_fifo_peek_n
                0x0000000010007fb4       0x5e CMakeFiles/Assign9.dir/home/justin/pico/pico-sdk/lib/tinyusb/src/common/tusb_fifo.c.obj
 .text._tu_fifo_read_n
                0x0000000010008012       0x4e CMakeFiles/Assign9.dir/home/justin/pico/pico-sdk/lib/tinyusb/src/common/tusb_fifo.c.obj
 .text._ff_push_const_addr
                0x0000000010008060       0x40 CMakeFiles/Assign9.dir/home/justin/pico/pico-sdk/lib/tinyusb/src/common/tusb_fifo.c.obj
 .text._ff_push_n
                0x00000000100080a0      0x106 CMakeFiles/Assign9.dir/home/justin/pico/pico-sdk/lib/tinyusb/src/common/tusb_fifo.c.obj
 .text._tu_fifo_write_n
                0x00000000100081a6       0x9e CMakeFiles/Assign9.dir/home/justin/pico/pico-sdk/lib/tinyusb/src/common/tusb_fifo.c.obj
 .text.tu_fifo_config
                0x0000000010008244       0x72 CMakeFiles/Assign9.dir/home/justin/pico/pico-sdk/lib/tinyusb/src/common/tusb_fifo.c.obj
                0x0000000010008244                tu_fifo_config
 .text.tu_fifo_count
                0x00000000100082b6       0x26 CMakeFiles/Assign9.dir/home/justin/pico/pico-sdk/lib/tinyusb/src/common/tusb_fifo.c.obj
                0x00000000100082b6                tu_fifo_count
 .text.tu_fifo_empty
                0x00000000100082dc        0xe CMakeFiles/Assign9.dir/home/justin/pico/pico-sdk/lib/tinyusb/src/common/tusb_fifo.c.obj
                0x00000000100082dc                tu_fifo_empty
 .text.tu_fifo_remaining
                0x00000000100082ea       0x20 CMakeFiles/Assign9.dir/home/justin/pico/pico-sdk/lib/tinyusb/src/common/tusb_fifo.c.obj
                0x00000000100082ea                tu_fifo_remaining
 .text.tu_fifo_read
                0x000000001000830a       0x42 CMakeFiles/Assign9.dir/home/justin/pico/pico-sdk/lib/tinyusb/src/common/tusb_fifo.c.obj
                0x000000001000830a                tu_fifo_read
 .text.tu_fifo_read_n
                0x000000001000834c        0xa CMakeFiles/Assign9.dir/home/justin/pico/pico-sdk/lib/tinyusb/src/common/tusb_fifo.c.obj
                0x000000001000834c                tu_fifo_read_n
 .text.tu_fifo_write
                0x0000000010008356       0x6c CMakeFiles/Assign9.dir/home/justin/pico/pico-sdk/lib/tinyusb/src/common/tusb_fifo.c.obj
                0x0000000010008356                tu_fifo_write
 .text.tu_fifo_write_n
                0x00000000100083c2        0xa CMakeFiles/Assign9.dir/home/justin/pico/pico-sdk/lib/tinyusb/src/common/tusb_fifo.c.obj
                0x00000000100083c2                tu_fifo_write_n
 .text.tu_fifo_clear
                0x00000000100083cc       0x4c CMakeFiles/Assign9.dir/home/justin/pico/pico-sdk/lib/tinyusb/src/common/tusb_fifo.c.obj
                0x00000000100083cc                tu_fifo_clear
 .text.tu_fifo_set_overwritable
                0x0000000010008418       0x3c CMakeFiles/Assign9.dir/home/justin/pico/pico-sdk/lib/tinyusb/src/common/tusb_fifo.c.obj
                0x0000000010008418                tu_fifo_set_overwritable
 .text._retrieve_unique_id_on_boot
                0x0000000010008454       0x10 CMakeFiles/Assign9.dir/home/justin/pico/pico-sdk/src/rp2_common/pico_unique_id/unique_id.c.obj
 .text.pico_get_unique_board_id_string
                0x0000000010008464       0x60 CMakeFiles/Assign9.dir/home/justin/pico/pico-sdk/src/rp2_common/pico_unique_id/unique_id.c.obj
                0x0000000010008464                pico_get_unique_board_id_string
 .text.flash_get_unique_id
                0x00000000100084c4       0x46 CMakeFiles/Assign9.dir/home/justin/pico/pico-sdk/src/rp2_common/hardware_flash/flash.c.obj
                0x00000000100084c4                flash_get_unique_id
 .text.i2c_write_blocking_internal
                0x000000001000850a      0x13c CMakeFiles/Assign9.dir/home/justin/pico/pico-sdk/src/rp2_common/hardware_i2c/i2c.c.obj
 .text.i2c_read_blocking_internal
                0x0000000010008646       0xe0 CMakeFiles/Assign9.dir/home/justin/pico/pico-sdk/src/rp2_common/hardware_i2c/i2c.c.obj
 *fill*         0x0000000010008726        0x2 
 .text.i2c_set_baudrate
                0x0000000010008728       0xf0 CMakeFiles/Assign9.dir/home/justin/pico/pico-sdk/src/rp2_common/hardware_i2c/i2c.c.obj
                0x0000000010008728                i2c_set_baudrate
 .text.i2c_init
                0x0000000010008818       0x58 CMakeFiles/Assign9.dir/home/justin/pico/pico-sdk/src/rp2_common/hardware_i2c/i2c.c.obj
                0x0000000010008818                i2c_init
 .text.i2c_write_blocking
                0x0000000010008870       0x18 CMakeFiles/Assign9.dir/home/justin/pico/pico-sdk/src/rp2_common/hardware_i2c/i2c.c.obj
                0x0000000010008870                i2c_write_blocking
 .text.i2c_read_blocking
                0x0000000010008888       0x18 CMakeFiles/Assign9.dir/home/justin/pico/pico-sdk/src/rp2_common/hardware_i2c/i2c.c.obj
                0x0000000010008888                i2c_read_blocking
 .text          0x00000000100088a0      0x9cc libfreertos.a(queue.c.obj)
                0x0000000010008a04                xQueueGenericReset
                0x0000000010008ade                xQueueGenericCreate
                0x0000000010008b5c                xQueueGenericSend
                0x0000000010008c66                xQueueCreateMutex
                0x0000000010008c7c                xQueueGenericSendFromISR
                0x0000000010008d02                xQueueGiveFromISR
                0x0000000010008d72                xQueueReceive
                0x0000000010008e60                xQueueSemaphoreTake
                0x0000000010008f88                xQueuePeek
                0x0000000010009076                xQueueReceiveFromISR
                0x00000000100090f4                xQueuePeekFromISR
                0x0000000010009122                uxQueueMessagesWaiting
                0x0000000010009134                uxQueueSpacesAvailable
                0x000000001000914a                uxQueueMessagesWaitingFromISR
                0x000000001000914e                uxQueueGetQueueNumber
                0x0000000010009152                vQueueSetQueueNumber
                0x0000000010009156                ucQueueGetQueueType
                0x000000001000915c                xQueueIsQueueEmptyFromISR
                0x000000001000916a                xQueueIsQueueFullFromISR
                0x000000001000917a                vQueueAddToRegistry
                0x00000000100091c0                pcQueueGetName
                0x00000000100091e4                vQueueUnregisterQueue
                0x000000001000920c                vQueueDelete
                0x000000001000921c                vQueueWaitForMessageRestricted
 .text          0x000000001000926c     0x17a4 libfreertos.a(tasks.c.obj)
                0x000000001000956e                xTaskCreate
                0x00000000100095d6                vTaskDelete
                0x000000001000965c                eTaskGetState
                0x00000000100096dc                uxTaskPriorityGet
                0x00000000100096fc                uxTaskPriorityGetFromISR
                0x000000001000971c                vTaskPrioritySet
                0x00000000100097f8                vTaskResume
                0x000000001000987c                xTaskResumeFromISR
                0x0000000010009918                vTaskStartScheduler
                0x0000000010009974                vTaskEndScheduler
                0x0000000010009988                vTaskSuspendAll
                0x0000000010009998                xTaskGetTickCount
                0x00000000100099a4                xTaskGetTickCountFromISR
                0x00000000100099b0                uxTaskGetNumberOfTasks
                0x00000000100099bc                pcTaskGetName
                0x00000000100099d0                xTaskIncrementTick
                0x0000000010009b0c                xTaskResumeAll
                0x0000000010009c2c                xTaskDelayUntil
                0x0000000010009c8c                vTaskDelay
                0x0000000010009cac                xTaskCatchUpTicks
                0x0000000010009cd0                vTaskSwitchContext
                0x0000000010009d48                vTaskSuspend
                0x0000000010009dec                vTaskPlaceOnEventList
                0x0000000010009e08                vTaskPlaceOnUnorderedEventList
                0x0000000010009e48                vTaskPlaceOnEventListRestricted
                0x0000000010009e88                xTaskRemoveFromEventList
                0x0000000010009f5c                vTaskRemoveFromUnorderedEventList
                0x000000001000a00c                vTaskSetTimeOutState
                0x000000001000a028                vTaskInternalSetTimeOutState
                0x000000001000a038                xTaskCheckForTimeOut
                0x000000001000a090                vTaskMissedYield
                0x000000001000a09c                uxTaskGetTaskNumber
                0x000000001000a0a8                vTaskSetTaskNumber
                0x000000001000a0b0                vTaskSetThreadLocalStoragePointer
                0x000000001000a0cc                pvTaskGetThreadLocalStoragePointer
                0x000000001000a0ec                vTaskGetInfo
                0x000000001000a1d6                uxTaskGetSystemState
                0x000000001000a284                xTaskGetCurrentTaskHandle
                0x000000001000a290                xTaskGetSchedulerState
                0x000000001000a2b0                xTaskPriorityInherit
                0x000000001000a364                xTaskPriorityDisinherit
                0x000000001000a3e4                vTaskPriorityDisinheritAfterTimeout
                0x000000001000a470                vTaskList
                0x000000001000a520                uxTaskResetEventItemValue
                0x000000001000a538                pvTaskIncrementMutexHeldCount
                0x000000001000a554                ulTaskGenericNotifyTake
                0x000000001000a5e0                xTaskGenericNotifyWait
                0x000000001000a680                xTaskGenericNotify
                0x000000001000a788                xTaskGenericNotifyFromISR
                0x000000001000a8cc                vTaskGenericNotifyGiveFromISR
                0x000000001000a9a8                xTaskGenericNotifyStateClear
                0x000000001000a9e0                ulTaskGenericNotifyValueClear
 .text          0x000000001000aa10      0x484 libfreertos.a(timers.c.obj)
                0x000000001000ad1a                xTimerCreateTimerTask
                0x000000001000ad54                xTimerCreate
                0x000000001000ad88                xTimerGenericCommand
                0x000000001000ade0                xTimerGetTimerDaemonTaskHandle
                0x000000001000adec                xTimerGetPeriod
                0x000000001000adf0                vTimerSetReloadMode
                0x000000001000ae1a                xTimerGetReloadMode
                0x000000001000ae38                uxTimerGetReloadMode
                0x000000001000ae40                xTimerGetExpiryTime
                0x000000001000ae44                pcTimerGetName
                0x000000001000ae48                xTimerIsTimerActive
                0x000000001000ae66                pvTimerGetTimerID
                0x000000001000ae78                vTimerSetTimerID
                0x000000001000ae8a                uxTimerGetTimerNumber
                0x000000001000ae8e                vTimerSetTimerNumber
 .text          0x000000001000ae94       0x2e libfreertos.a(heap_3.c.obj)
                0x000000001000ae94                pvPortMalloc
                0x000000001000aeac                vPortFree
 *fill*         0x000000001000aec2        0xe 
 .text          0x000000001000aed0      0x18c libfreertos.a(port.c.obj)
                0x000000001000af14                pxPortInitialiseStack
                0x000000001000af34                isr_svcall
                0x000000001000af36                vPortEndScheduler
                0x000000001000af38                vPortYield
                0x000000001000af50                vPortEnterCritical
                0x000000001000af68                vPortExitCritical
                0x000000001000af7c                ulSetInterruptMaskFromISR
                0x000000001000af84                vClearInterruptMaskFromISR
                0x000000001000af8a                isr_pendsv
                0x000000001000afd4                isr_systick
                0x000000001000aff8                vPortSetupTimerInterrupt
                0x000000001000b020                xPortStartScheduler
 .text          0x000000001000b05c       0x86 libfreertos.a(list.c.obj)
                0x000000001000b05c                vListInitialise
                0x000000001000b072                vListInitialiseItem
                0x000000001000b078                vListInsertEnd
                0x000000001000b08e                vListInsert
                0x000000001000b0bc                uxListRemove
 *fill*         0x000000001000b0e2        0x2 
 .text          0x000000001000b0e4       0x28 /usr/lib/gcc/arm-none-eabi/9.2.1/../../../arm-none-eabi/lib/thumb/v6-m/nofp/libg.a(lib_a-malloc.o)
                0x000000001000b0e4                malloc
                0x000000001000b0f8                free
 .text          0x000000001000b10c      0x574 /usr/lib/gcc/arm-none-eabi/9.2.1/../../../arm-none-eabi/lib/thumb/v6-m/nofp/libg.a(lib_a-mallocr.o)
                0x000000001000b10c                _malloc_r
 .text          0x000000001000b680        0x8 /usr/lib/gcc/arm-none-eabi/9.2.1/../../../arm-none-eabi/lib/thumb/v6-m/nofp/libg.a(lib_a-mlock.o)
                0x000000001000b680                __malloc_lock
                0x000000001000b684                __malloc_unlock
 .text          0x000000001000b688       0x24 /usr/lib/gcc/arm-none-eabi/9.2.1/../../../arm-none-eabi/lib/thumb/v6-m/nofp/libg.a(lib_a-sbrkr.o)
                0x000000001000b688                _sbrk_r
 .text          0x000000001000b6ac       0x10 /usr/lib/gcc/arm-none-eabi/9.2.1/../../../arm-none-eabi/lib/thumb/v6-m/nofp/libg.a(lib_a-strcpy.o)
                0x000000001000b6ac                strcpy
 .text          0x000000001000b6bc       0x5c /usr/lib/gcc/arm-none-eabi/9.2.1/../../../arm-none-eabi/lib/thumb/v6-m/nofp/libg.a(lib_a-strlen-stub.o)
                0x000000001000b6bc                strlen
 .text          0x000000001000b718      0x260 /usr/lib/gcc/arm-none-eabi/9.2.1/../../../arm-none-eabi/lib/thumb/v6-m/nofp/libg.a(lib_a-freer.o)
                0x000000001000b718                _malloc_trim_r
                0x000000001000b7b4                _free_r
 *(.fini)
 .fini          0x000000001000b978        0x4 /usr/lib/gcc/arm-none-eabi/9.2.1/thumb/v6-m/nofp/crti.o
                0x000000001000b978                _fini
 *fill*         0x000000001000b97c        0x4 
 .fini.__stub   0x000000001000b980       0x70 linker stubs
 *crtbegin.o(.ctors)
 *crtbegin?.o(.ctors)
 *(EXCLUDE_FILE(*crtend.o *crtend?.o) .ctors)
 *(SORT_BY_NAME(.ctors.*))
 *(.ctors)
 *crtbegin.o(.dtors)
 *crtbegin?.o(.dtors)
 *(EXCLUDE_FILE(*crtend.o *crtend?.o) .dtors)
 *(SORT_BY_NAME(.dtors.*))
 *(.dtors)
 *(.eh_frame*)
 .eh_frame      0x000000001000b9f0        0x0 /usr/lib/gcc/arm-none-eabi/9.2.1/thumb/v6-m/nofp/crtbegin.o
                0x000000001000b9f0                . = ALIGN (0x4)

.glue_7         0x000000001000b9f0        0x0
 .glue_7        0x000000001000b9f0        0x0 linker stubs

.glue_7t        0x000000001000b9f0        0x0
 .glue_7t       0x000000001000b9f0        0x0 linker stubs

.vfp11_veneer   0x000000001000b9f0        0x0
 .vfp11_veneer  0x000000001000b9f0        0x0 linker stubs

.v4_bx          0x000000001000b9f0        0x0
 .v4_bx         0x000000001000b9f0        0x0 linker stubs

.iplt           0x000000001000b9f0        0x0
 .iplt          0x000000001000b9f0        0x0 /usr/lib/gcc/arm-none-eabi/9.2.1/thumb/v6-m/nofp/crtbegin.o

.rodata         0x000000001000b9f0     0x188c
 *(EXCLUDE_FILE(*libm.a: *libc.a:*lib_a-mem*.o *libgcc.a:) .rodata*)
 .rodata.segLEDLeft
                0x000000001000b9f0       0x44 CMakeFiles/Assign9.dir/Assign9.c.obj
 .rodata.segLEDRight
                0x000000001000ba34       0x44 CMakeFiles/Assign9.dir/Assign9.c.obj
 .rodata.main.str1.4
                0x000000001000ba78       0x44 CMakeFiles/Assign9.dir/Assign9.c.obj
 .rodata.getButtons.str1.4
                0x000000001000babc       0xaa CMakeFiles/Assign9.dir/Assign9.c.obj
 *fill*         0x000000001000bb66        0x2 
 .rodata.rotateOnHum.str1.4
                0x000000001000bb68       0x15 CMakeFiles/Assign9.dir/Assign9.c.obj
 *fill*         0x000000001000bb7d        0x3 
 .rodata.readHDC1080Task.str1.4
                0x000000001000bb80       0x52 CMakeFiles/Assign9.dir/Assign9.c.obj
 *fill*         0x000000001000bbd2        0x2 
 .rodata.__bi_180.9358
                0x000000001000bbd4        0x8 CMakeFiles/Assign9.dir/Assign9.c.obj
 .rodata.spin_lock_claim_unused.str1.4
                0x000000001000bbdc       0x1b CMakeFiles/Assign9.dir/home/justin/pico/pico-sdk/src/rp2_common/hardware_sync/sync.c.obj
 *fill*         0x000000001000bbf7        0x1 
 .rodata.repeating_timer_callback.str1.4
                0x000000001000bbf8       0x4b CMakeFiles/Assign9.dir/home/justin/pico/pico-sdk/src/common/pico_time/time.c.obj
 *fill*         0x000000001000bc43        0x1 
 .rodata.alarm_pool_dump_key.str1.4
                0x000000001000bc44       0x33 CMakeFiles/Assign9.dir/home/justin/pico/pico-sdk/src/common/pico_time/time.c.obj
 *fill*         0x000000001000bc77        0x1 
 .rodata.ph_add_child_node.str1.4
                0x000000001000bc78       0x96 CMakeFiles/Assign9.dir/home/justin/pico/pico-sdk/src/common/pico_time/time.c.obj
 *fill*         0x000000001000bd0e        0x2 
 .rodata.add_alarm_under_lock.str1.4
                0x000000001000bd10       0x28 CMakeFiles/Assign9.dir/home/justin/pico/pico-sdk/src/common/pico_time/time.c.obj
                                         0x2b (size before relaxing)
 .rodata.alarm_pool_alarm_callback.str1.4
                0x000000001000bd38       0xe6 CMakeFiles/Assign9.dir/home/justin/pico/pico-sdk/src/common/pico_time/time.c.obj
 *fill*         0x000000001000be1e        0x2 
 .rodata.alarm_pool_get_default.str1.4
                0x000000001000be20       0x21 CMakeFiles/Assign9.dir/home/justin/pico/pico-sdk/src/common/pico_time/time.c.obj
 *fill*         0x000000001000be41        0x3 
 .rodata.alarm_pool_cancel_alarm.str1.4
                0x000000001000be44       0x27 CMakeFiles/Assign9.dir/home/justin/pico/pico-sdk/src/common/pico_time/time.c.obj
 *fill*         0x000000001000be6b        0x1 
 .rodata.sleep_until.str1.4
                0x000000001000be6c       0x4d CMakeFiles/Assign9.dir/home/justin/pico/pico-sdk/src/common/pico_time/time.c.obj
 *fill*         0x000000001000beb9        0x3 
 .rodata.__func__.5701
                0x000000001000bebc       0x15 CMakeFiles/Assign9.dir/home/justin/pico/pico-sdk/src/common/pico_time/time.c.obj
 *fill*         0x000000001000bed1        0x3 
 .rodata.__func__.6007
                0x000000001000bed4        0xc CMakeFiles/Assign9.dir/home/justin/pico/pico-sdk/src/common/pico_time/time.c.obj
 .rodata.__func__.6014
                0x000000001000bee0       0x12 CMakeFiles/Assign9.dir/home/justin/pico/pico-sdk/src/common/pico_time/time.c.obj
 *fill*         0x000000001000bef2        0x2 
 .rodata.__func__.6030
                0x000000001000bef4        0xf CMakeFiles/Assign9.dir/home/justin/pico/pico-sdk/src/common/pico_time/time.c.obj
 *fill*         0x000000001000bf03        0x1 
 .rodata.__func__.6052
                0x000000001000bf04        0xd CMakeFiles/Assign9.dir/home/justin/pico/pico-sdk/src/common/pico_time/time.c.obj
 *fill*         0x000000001000bf11        0x3 
 .rodata.__func__.6276
                0x000000001000bf14        0xa CMakeFiles/Assign9.dir/home/justin/pico/pico-sdk/src/common/pico_time/time.c.obj
 *fill*         0x000000001000bf1e        0x2 
 .rodata.__func__.6281
                0x000000001000bf20       0x12 CMakeFiles/Assign9.dir/home/justin/pico/pico-sdk/src/common/pico_time/time.c.obj
 *fill*         0x000000001000bf32        0x2 
 .rodata.__func__.6296
                0x000000001000bf34       0x17 CMakeFiles/Assign9.dir/home/justin/pico/pico-sdk/src/common/pico_time/time.c.obj
 *fill*         0x000000001000bf4b        0x1 
 .rodata.__func__.6307
                0x000000001000bf4c       0x15 CMakeFiles/Assign9.dir/home/justin/pico/pico-sdk/src/common/pico_time/time.c.obj
 *fill*         0x000000001000bf61        0x3 
 .rodata.__func__.6324
                0x000000001000bf64       0x1a CMakeFiles/Assign9.dir/home/justin/pico/pico-sdk/src/common/pico_time/time.c.obj
 *fill*         0x000000001000bf7e        0x2 
 .rodata.__func__.6363
                0x000000001000bf80       0x18 CMakeFiles/Assign9.dir/home/justin/pico/pico-sdk/src/common/pico_time/time.c.obj
 .rodata.hardware_alarm_claim.str1.4
                0x000000001000bf98       0x22 CMakeFiles/Assign9.dir/home/justin/pico/pico-sdk/src/rp2_common/hardware_timer/timer.c.obj
 *fill*         0x000000001000bfba        0x2 
 .rodata.hardware_alarm_set_target.str1.4
                0x000000001000bfbc       0x65 CMakeFiles/Assign9.dir/home/justin/pico/pico-sdk/src/rp2_common/hardware_timer/timer.c.obj
 *fill*         0x000000001000c021        0x3 
 .rodata.__func__.4559
                0x000000001000c024       0x1a CMakeFiles/Assign9.dir/home/justin/pico/pico-sdk/src/rp2_common/hardware_timer/timer.c.obj
 *fill*         0x000000001000c03e        0x2 
 .rodata.str1.4
                0x000000001000c040       0x89 CMakeFiles/Assign9.dir/home/justin/pico/pico-sdk/src/common/pico_sync/mutex.c.obj
                                         0xed (size before relaxing)
 *fill*         0x000000001000c0c9        0x3 
 .rodata.__func__.4193
                0x000000001000c0cc       0x15 CMakeFiles/Assign9.dir/home/justin/pico/pico-sdk/src/common/pico_sync/mutex.c.obj
 *fill*         0x000000001000c0e1        0x3 
 .rodata.__func__.4681
                0x000000001000c0e4       0x18 CMakeFiles/Assign9.dir/home/justin/pico/pico-sdk/src/common/pico_sync/mutex.c.obj
 .rodata.__func__.4700
                0x000000001000c0fc        0xb CMakeFiles/Assign9.dir/home/justin/pico/pico-sdk/src/common/pico_sync/mutex.c.obj
 .rodata.ph_add_child_node.str1.4
                0x000000001000c107       0x96 CMakeFiles/Assign9.dir/home/justin/pico/pico-sdk/src/common/pico_util/pheap.c.obj
 *fill*         0x000000001000c107        0x1 
 .rodata.ph_remove_any_head.str1.4
                0x000000001000c108       0x8c CMakeFiles/Assign9.dir/home/justin/pico/pico-sdk/src/common/pico_util/pheap.c.obj
 .rodata.ph_remove_and_free_node.str1.4
                0x000000001000c194       0x26 CMakeFiles/Assign9.dir/home/justin/pico/pico-sdk/src/common/pico_util/pheap.c.obj
 *fill*         0x000000001000c1ba        0x2 
 .rodata.__func__.5708
                0x000000001000c1bc        0xc CMakeFiles/Assign9.dir/home/justin/pico/pico-sdk/src/common/pico_util/pheap.c.obj
 .rodata.__func__.5715
                0x000000001000c1c8       0x12 CMakeFiles/Assign9.dir/home/justin/pico/pico-sdk/src/common/pico_util/pheap.c.obj
 *fill*         0x000000001000c1da        0x2 
 .rodata.__func__.5801
                0x000000001000c1dc       0x13 CMakeFiles/Assign9.dir/home/justin/pico/pico-sdk/src/common/pico_util/pheap.c.obj
 *fill*         0x000000001000c1ef        0x1 
 .rodata.__func__.5819
                0x000000001000c1f0       0x18 CMakeFiles/Assign9.dir/home/justin/pico/pico-sdk/src/common/pico_util/pheap.c.obj
 .rodata.__assert_func.str1.4
                0x000000001000c208       0x3f CMakeFiles/Assign9.dir/home/justin/pico/pico-sdk/src/rp2_common/pico_runtime/runtime.c.obj
                                         0x43 (size before relaxing)
 *fill*         0x000000001000c247        0x1 
 .rodata.runtime_init.str1.4
                0x000000001000c248       0x61 CMakeFiles/Assign9.dir/home/justin/pico/pico-sdk/src/rp2_common/pico_runtime/runtime.c.obj
 *fill*         0x000000001000c2a9        0x3 
 .rodata.panic.str1.4
                0x000000001000c2ac       0x10 CMakeFiles/Assign9.dir/home/justin/pico/pico-sdk/src/rp2_common/pico_runtime/runtime.c.obj
                                         0x12 (size before relaxing)
 .rodata.__func__.5816
                0x000000001000c2bc        0xd CMakeFiles/Assign9.dir/home/justin/pico/pico-sdk/src/rp2_common/pico_runtime/runtime.c.obj
 *fill*         0x000000001000c2c9        0x3 
 .rodata.clock_configure.str1.4
                0x000000001000c2cc       0x57 CMakeFiles/Assign9.dir/home/justin/pico/pico-sdk/src/rp2_common/hardware_clocks/clocks.c.obj
 *fill*         0x000000001000c323        0x1 
 .rodata.__func__.4688
                0x000000001000c324       0x10 CMakeFiles/Assign9.dir/home/justin/pico/pico-sdk/src/rp2_common/hardware_clocks/clocks.c.obj
 .rodata.make_branch.str1.4
                0x000000001000c334       0x4d CMakeFiles/Assign9.dir/home/justin/pico/pico-sdk/src/rp2_common/hardware_irq/irq.c.obj
 *fill*         0x000000001000c381        0x3 
 .rodata.irq_set_exclusive_handler.str1.4
                0x000000001000c384       0x36 CMakeFiles/Assign9.dir/home/justin/pico/pico-sdk/src/rp2_common/hardware_irq/irq.c.obj
 *fill*         0x000000001000c3ba        0x2 
 .rodata.irq_add_shared_handler.str1.4
                0x000000001000c3bc       0xd9 CMakeFiles/Assign9.dir/home/justin/pico/pico-sdk/src/rp2_common/hardware_irq/irq.c.obj
 *fill*         0x000000001000c495        0x3 
 .rodata.irq_remove_handler.str1.4
                0x000000001000c498       0x2a CMakeFiles/Assign9.dir/home/justin/pico/pico-sdk/src/rp2_common/hardware_irq/irq.c.obj
 *fill*         0x000000001000c4c2        0x2 
 .rodata.irq_add_tail_to_free_list.str1.4
                0x000000001000c4c4       0x32 CMakeFiles/Assign9.dir/home/justin/pico/pico-sdk/src/rp2_common/hardware_irq/irq.c.obj
                                         0x3a (size before relaxing)
 *fill*         0x000000001000c4f6        0x2 
 .rodata.__func__.4733
                0x000000001000c4f8       0x1a CMakeFiles/Assign9.dir/home/justin/pico/pico-sdk/src/rp2_common/hardware_irq/irq.c.obj
 *fill*         0x000000001000c512        0x2 
 .rodata.__func__.4747
                0x000000001000c514        0xc CMakeFiles/Assign9.dir/home/justin/pico/pico-sdk/src/rp2_common/hardware_irq/irq.c.obj
 .rodata.__func__.4755
                0x000000001000c520       0x17 CMakeFiles/Assign9.dir/home/justin/pico/pico-sdk/src/rp2_common/hardware_irq/irq.c.obj
 *fill*         0x000000001000c537        0x1 
 .rodata.__func__.4759
                0x000000001000c538        0xf CMakeFiles/Assign9.dir/home/justin/pico/pico-sdk/src/rp2_common/hardware_irq/irq.c.obj
 *fill*         0x000000001000c547        0x1 
 .rodata.__func__.4798
                0x000000001000c548       0x13 CMakeFiles/Assign9.dir/home/justin/pico/pico-sdk/src/rp2_common/hardware_irq/irq.c.obj
 *fill*         0x000000001000c55b        0x1 
 .rodata.__func__.4821
                0x000000001000c55c       0x1a CMakeFiles/Assign9.dir/home/justin/pico/pico-sdk/src/rp2_common/hardware_irq/irq.c.obj
 *fill*         0x000000001000c576        0x2 
 .rodata.pll_init.str1.4
                0x000000001000c578       0xdb CMakeFiles/Assign9.dir/home/justin/pico/pico-sdk/src/rp2_common/hardware_pll/pll.c.obj
 *fill*         0x000000001000c653        0x1 
 .rodata.__func__.4408
                0x000000001000c654        0x9 CMakeFiles/Assign9.dir/home/justin/pico/pico-sdk/src/rp2_common/hardware_pll/pll.c.obj
 *fill*         0x000000001000c65d        0x3 
 .rodata._ftoa.str1.4
                0x000000001000c660       0x15 CMakeFiles/Assign9.dir/home/justin/pico/pico-sdk/src/rp2_common/pico_printf/printf.c.obj
 *fill*         0x000000001000c675        0x3 
 .rodata._vsnprintf
                0x000000001000c678      0x1e0 CMakeFiles/Assign9.dir/home/justin/pico/pico-sdk/src/rp2_common/pico_printf/printf.c.obj
 .rodata.pow10.5422
                0x000000001000c858       0x50 CMakeFiles/Assign9.dir/home/justin/pico/pico-sdk/src/rp2_common/pico_printf/printf.c.obj
 .rodata.missing_double_func_shim.str1.4
                0x000000001000c8a8       0x18 CMakeFiles/Assign9.dir/home/justin/pico/pico-sdk/src/rp2_common/pico_double/double_init_rom.c.obj
 .rodata.__aeabi_double_init.str1.4
                0x000000001000c8c0       0xa8 CMakeFiles/Assign9.dir/home/justin/pico/pico-sdk/src/rp2_common/pico_double/double_init_rom.c.obj
 .rodata.__func__.4722
                0x000000001000c968       0x14 CMakeFiles/Assign9.dir/home/justin/pico/pico-sdk/src/rp2_common/pico_double/double_init_rom.c.obj
 .rodata.missing_float_func_shim.str1.4
                0x000000001000c97c        0x1 CMakeFiles/Assign9.dir/home/justin/pico/pico-sdk/src/rp2_common/pico_float/float_init_rom.c.obj
 .rodata.__aeabi_float_init.str1.4
                0x000000001000c97c       0x7a CMakeFiles/Assign9.dir/home/justin/pico/pico-sdk/src/rp2_common/pico_float/float_init_rom.c.obj
 *fill*         0x000000001000c9f6        0x2 
 .rodata.__func__.4720
                0x000000001000c9f8       0x13 CMakeFiles/Assign9.dir/home/justin/pico/pico-sdk/src/rp2_common/pico_float/float_init_rom.c.obj
 *fill*         0x000000001000ca0b        0x1 
 .rodata.__wrap_malloc.str1.4
                0x000000001000ca0c        0xe CMakeFiles/Assign9.dir/home/justin/pico/pico-sdk/src/rp2_common/pico_malloc/pico_malloc.c.obj
 *fill*         0x000000001000ca1a        0x2 
 .rodata.str1.4
                0x000000001000ca1c       0x50 CMakeFiles/Assign9.dir/home/justin/pico/pico-sdk/src/rp2_common/pico_standard_link/binary_info.c.obj
 .rodata.__bi_44
                0x000000001000ca6c        0xc CMakeFiles/Assign9.dir/home/justin/pico/pico-sdk/src/rp2_common/pico_standard_link/binary_info.c.obj
 .rodata.__bi_75
                0x000000001000ca78        0xc CMakeFiles/Assign9.dir/home/justin/pico/pico-sdk/src/rp2_common/pico_standard_link/binary_info.c.obj
 .rodata.__bi_81
                0x000000001000ca84        0xc CMakeFiles/Assign9.dir/home/justin/pico/pico-sdk/src/rp2_common/pico_standard_link/binary_info.c.obj
 .rodata.crlf_str.5901
                0x000000001000ca90        0x2 CMakeFiles/Assign9.dir/home/justin/pico/pico-sdk/src/rp2_common/pico_stdio/stdio.c.obj
 *fill*         0x000000001000ca92        0x2 
 .rodata._resetd_driver
                0x000000001000ca94       0x18 CMakeFiles/Assign9.dir/home/justin/pico/pico-sdk/src/rp2_common/pico_stdio_usb/reset_interface.c.obj
 .rodata.stdio_usb_init.str1.4
                0x000000001000caac       0x61 CMakeFiles/Assign9.dir/home/justin/pico/pico-sdk/src/rp2_common/pico_stdio_usb/stdio_usb.c.obj
 .rodata.str1.4
                0x000000001000caac       0x13 CMakeFiles/Assign9.dir/home/justin/pico/pico-sdk/src/rp2_common/pico_stdio_usb/stdio_usb.c.obj
 *fill*         0x000000001000cabf        0x1 
 .rodata.__bi_93.7216
                0x000000001000cac0        0xc CMakeFiles/Assign9.dir/home/justin/pico/pico-sdk/src/rp2_common/pico_stdio_usb/stdio_usb.c.obj
 .rodata.__func__.5424
                0x000000001000cacc       0x15 CMakeFiles/Assign9.dir/home/justin/pico/pico-sdk/src/rp2_common/pico_stdio_usb/stdio_usb.c.obj
 *fill*         0x000000001000cae1        0x3 
 .rodata.str1.4
                0x000000001000cae4       0x2a CMakeFiles/Assign9.dir/home/justin/pico/pico-sdk/src/rp2_common/pico_stdio_usb/stdio_usb_descriptors.c.obj
 *fill*         0x000000001000cb0e        0x2 
 .rodata.usbd_desc_cfg
                0x000000001000cb10       0x54 CMakeFiles/Assign9.dir/home/justin/pico/pico-sdk/src/rp2_common/pico_stdio_usb/stdio_usb_descriptors.c.obj
 .rodata.usbd_desc_device
                0x000000001000cb64       0x12 CMakeFiles/Assign9.dir/home/justin/pico/pico-sdk/src/rp2_common/pico_stdio_usb/stdio_usb_descriptors.c.obj
 *fill*         0x000000001000cb76        0x2 
 .rodata.usbd_desc_str
                0x000000001000cb78       0x18 CMakeFiles/Assign9.dir/home/justin/pico/pico-sdk/src/rp2_common/pico_stdio_usb/stdio_usb_descriptors.c.obj
 .rodata._hw_endpoint_alloc.str1.4
                0x000000001000cb90       0xb5 CMakeFiles/Assign9.dir/home/justin/pico/pico-sdk/lib/tinyusb/src/portable/raspberrypi/rp2040/dcd_rp2040.c.obj
 *fill*         0x000000001000cc45        0x3 
 .rodata.dcd_rp2040_irq.str1.4
                0x000000001000cc48       0x14 CMakeFiles/Assign9.dir/home/justin/pico/pico-sdk/lib/tinyusb/src/portable/raspberrypi/rp2040/dcd_rp2040.c.obj
 .rodata.dcd_int_enable.str1.4
                0x000000001000cc5c        0xc CMakeFiles/Assign9.dir/home/justin/pico/pico-sdk/lib/tinyusb/src/portable/raspberrypi/rp2040/dcd_rp2040.c.obj
 .rodata.__func__.6888
                0x000000001000cc68       0x13 CMakeFiles/Assign9.dir/home/justin/pico/pico-sdk/lib/tinyusb/src/portable/raspberrypi/rp2040/dcd_rp2040.c.obj
 *fill*         0x000000001000cc7b        0x1 
 .rodata.__func__.6941
                0x000000001000cc7c        0x9 CMakeFiles/Assign9.dir/home/justin/pico/pico-sdk/lib/tinyusb/src/portable/raspberrypi/rp2040/dcd_rp2040.c.obj
 *fill*         0x000000001000cc85        0x3 
 .rodata.__func__.6945
                0x000000001000cc88        0xf CMakeFiles/Assign9.dir/home/justin/pico/pico-sdk/lib/tinyusb/src/portable/raspberrypi/rp2040/dcd_rp2040.c.obj
 *fill*         0x000000001000cc97        0x1 
 .rodata.__func__.6954
                0x000000001000cc98       0x10 CMakeFiles/Assign9.dir/home/justin/pico/pico-sdk/lib/tinyusb/src/portable/raspberrypi/rp2040/dcd_rp2040.c.obj
 .rodata.__func__.6973
                0x000000001000cca8        0xe CMakeFiles/Assign9.dir/home/justin/pico/pico-sdk/lib/tinyusb/src/portable/raspberrypi/rp2040/dcd_rp2040.c.obj
 *fill*         0x000000001000ccb6        0x2 
 .rodata.__func__.6983
                0x000000001000ccb8        0xe CMakeFiles/Assign9.dir/home/justin/pico/pico-sdk/lib/tinyusb/src/portable/raspberrypi/rp2040/dcd_rp2040.c.obj
 *fill*         0x000000001000ccc6        0x2 
 .rodata.sync_ep_buffer.str1.4
                0x000000001000ccc8       0x91 CMakeFiles/Assign9.dir/home/justin/pico/pico-sdk/lib/tinyusb/src/portable/raspberrypi/rp2040/rp2040_usb.c.obj
 *fill*         0x000000001000cd59        0x3 
 .rodata._hw_endpoint_buffer_control_update32.str1.4
                0x000000001000cd5c       0x1f CMakeFiles/Assign9.dir/home/justin/pico/pico-sdk/lib/tinyusb/src/portable/raspberrypi/rp2040/rp2040_usb.c.obj
 *fill*         0x000000001000cd7b        0x1 
 .rodata.hw_endpoint_xfer_start.str1.4
                0x000000001000cd7c       0x38 CMakeFiles/Assign9.dir/home/justin/pico/pico-sdk/lib/tinyusb/src/portable/raspberrypi/rp2040/rp2040_usb.c.obj
 .rodata.hw_endpoint_xfer_continue.str1.4
                0x000000001000cdb4       0x29 CMakeFiles/Assign9.dir/home/justin/pico/pico-sdk/lib/tinyusb/src/portable/raspberrypi/rp2040/rp2040_usb.c.obj
 *fill*         0x000000001000cddd        0x3 
 .rodata.str1.4
                0x000000001000cde0        0x7 CMakeFiles/Assign9.dir/home/justin/pico/pico-sdk/lib/tinyusb/src/portable/raspberrypi/rp2040/rp2040_usb.c.obj
 *fill*         0x000000001000cde7        0x1 
 .rodata.__func__.6655
                0x000000001000cde8        0xf CMakeFiles/Assign9.dir/home/justin/pico/pico-sdk/lib/tinyusb/src/portable/raspberrypi/rp2040/rp2040_usb.c.obj
 *fill*         0x000000001000cdf7        0x1 
 .rodata.process_set_config.str1.4
                0x000000001000cdf8       0x17 CMakeFiles/Assign9.dir/home/justin/pico/pico-sdk/lib/tinyusb/src/device/usbd.c.obj
 *fill*         0x000000001000ce0f        0x1 
 .rodata.process_get_descriptor
                0x000000001000ce10       0x40 CMakeFiles/Assign9.dir/home/justin/pico/pico-sdk/lib/tinyusb/src/device/usbd.c.obj
 .rodata.process_control_request
                0x000000001000ce50       0x28 CMakeFiles/Assign9.dir/home/justin/pico/pico-sdk/lib/tinyusb/src/device/usbd.c.obj
 .rodata.tud_task
                0x000000001000ce78       0x24 CMakeFiles/Assign9.dir/home/justin/pico/pico-sdk/lib/tinyusb/src/device/usbd.c.obj
 .rodata.__func__.6564
                0x000000001000ce9c       0x10 CMakeFiles/Assign9.dir/home/justin/pico/pico-sdk/lib/tinyusb/src/device/usbd.c.obj
 .rodata.__func__.7362
                0x000000001000ceac        0x9 CMakeFiles/Assign9.dir/home/justin/pico/pico-sdk/lib/tinyusb/src/device/usbd.c.obj
 *fill*         0x000000001000ceb5        0x3 
 .rodata.__func__.7383